Archive member included to satisfy reference by file (symbol)

f:/st/stm32cubeide_1.1.0/stm32cubeide/plugins/com.st.stm32cube.ide.mcu.externaltools.gnu-tools-for-stm32.7-2018-q2-update.win32_1.0.0.201904181610/tools/bin/../lib/gcc/arm-none-eabi/7.3.1/../../../../arm-none-eabi/lib/thumb/v7-m\libc_nano.a(lib_a-errno.o)
                              Core/Src/syscalls.o (__errno)
f:/st/stm32cubeide_1.1.0/stm32cubeide/plugins/com.st.stm32cube.ide.mcu.externaltools.gnu-tools-for-stm32.7-2018-q2-update.win32_1.0.0.201904181610/tools/bin/../lib/gcc/arm-none-eabi/7.3.1/../../../../arm-none-eabi/lib/thumb/v7-m\libc_nano.a(lib_a-exit.o)
                              f:/st/stm32cubeide_1.1.0/stm32cubeide/plugins/com.st.stm32cube.ide.mcu.externaltools.gnu-tools-for-stm32.7-2018-q2-update.win32_1.0.0.201904181610/tools/bin/../lib/gcc/arm-none-eabi/7.3.1/../../../../arm-none-eabi/lib/thumb/v7-m/crt0.o (exit)
f:/st/stm32cubeide_1.1.0/stm32cubeide/plugins/com.st.stm32cube.ide.mcu.externaltools.gnu-tools-for-stm32.7-2018-q2-update.win32_1.0.0.201904181610/tools/bin/../lib/gcc/arm-none-eabi/7.3.1/../../../../arm-none-eabi/lib/thumb/v7-m\libc_nano.a(lib_a-impure.o)
                              f:/st/stm32cubeide_1.1.0/stm32cubeide/plugins/com.st.stm32cube.ide.mcu.externaltools.gnu-tools-for-stm32.7-2018-q2-update.win32_1.0.0.201904181610/tools/bin/../lib/gcc/arm-none-eabi/7.3.1/../../../../arm-none-eabi/lib/thumb/v7-m\libc_nano.a(lib_a-exit.o) (_global_impure_ptr)
f:/st/stm32cubeide_1.1.0/stm32cubeide/plugins/com.st.stm32cube.ide.mcu.externaltools.gnu-tools-for-stm32.7-2018-q2-update.win32_1.0.0.201904181610/tools/bin/../lib/gcc/arm-none-eabi/7.3.1/../../../../arm-none-eabi/lib/thumb/v7-m\libc_nano.a(lib_a-init.o)
                              f:/st/stm32cubeide_1.1.0/stm32cubeide/plugins/com.st.stm32cube.ide.mcu.externaltools.gnu-tools-for-stm32.7-2018-q2-update.win32_1.0.0.201904181610/tools/bin/../lib/gcc/arm-none-eabi/7.3.1/../../../../arm-none-eabi/lib/thumb/v7-m/crt0.o (__libc_init_array)
f:/st/stm32cubeide_1.1.0/stm32cubeide/plugins/com.st.stm32cube.ide.mcu.externaltools.gnu-tools-for-stm32.7-2018-q2-update.win32_1.0.0.201904181610/tools/bin/../lib/gcc/arm-none-eabi/7.3.1/../../../../arm-none-eabi/lib/thumb/v7-m\libc_nano.a(lib_a-memset.o)
                              f:/st/stm32cubeide_1.1.0/stm32cubeide/plugins/com.st.stm32cube.ide.mcu.externaltools.gnu-tools-for-stm32.7-2018-q2-update.win32_1.0.0.201904181610/tools/bin/../lib/gcc/arm-none-eabi/7.3.1/../../../../arm-none-eabi/lib/thumb/v7-m/crt0.o (memset)
f:/st/stm32cubeide_1.1.0/stm32cubeide/plugins/com.st.stm32cube.ide.mcu.externaltools.gnu-tools-for-stm32.7-2018-q2-update.win32_1.0.0.201904181610/tools/bin/../lib/gcc/arm-none-eabi/7.3.1/../../../../arm-none-eabi/lib/thumb/v7-m\libc_nano.a(lib_a-rand.o)
                              Core/Src/run.o (rand)
f:/st/stm32cubeide_1.1.0/stm32cubeide/plugins/com.st.stm32cube.ide.mcu.externaltools.gnu-tools-for-stm32.7-2018-q2-update.win32_1.0.0.201904181610/tools/bin/../lib/gcc/arm-none-eabi/7.3.1/../../../../arm-none-eabi/lib/thumb/v7-m\libc_nano.a(lib_a-sprintf.o)
                              Core/Src/draw.o (sprintf)
f:/st/stm32cubeide_1.1.0/stm32cubeide/plugins/com.st.stm32cube.ide.mcu.externaltools.gnu-tools-for-stm32.7-2018-q2-update.win32_1.0.0.201904181610/tools/bin/../lib/gcc/arm-none-eabi/7.3.1/../../../../arm-none-eabi/lib/thumb/v7-m\libc_nano.a(lib_a-malloc.o)
                              f:/st/stm32cubeide_1.1.0/stm32cubeide/plugins/com.st.stm32cube.ide.mcu.externaltools.gnu-tools-for-stm32.7-2018-q2-update.win32_1.0.0.201904181610/tools/bin/../lib/gcc/arm-none-eabi/7.3.1/../../../../arm-none-eabi/lib/thumb/v7-m\libc_nano.a(lib_a-rand.o) (malloc)
f:/st/stm32cubeide_1.1.0/stm32cubeide/plugins/com.st.stm32cube.ide.mcu.externaltools.gnu-tools-for-stm32.7-2018-q2-update.win32_1.0.0.201904181610/tools/bin/../lib/gcc/arm-none-eabi/7.3.1/../../../../arm-none-eabi/lib/thumb/v7-m\libc_nano.a(lib_a-nano-freer.o)
                              f:/st/stm32cubeide_1.1.0/stm32cubeide/plugins/com.st.stm32cube.ide.mcu.externaltools.gnu-tools-for-stm32.7-2018-q2-update.win32_1.0.0.201904181610/tools/bin/../lib/gcc/arm-none-eabi/7.3.1/../../../../arm-none-eabi/lib/thumb/v7-m\libc_nano.a(lib_a-malloc.o) (_free_r)
f:/st/stm32cubeide_1.1.0/stm32cubeide/plugins/com.st.stm32cube.ide.mcu.externaltools.gnu-tools-for-stm32.7-2018-q2-update.win32_1.0.0.201904181610/tools/bin/../lib/gcc/arm-none-eabi/7.3.1/../../../../arm-none-eabi/lib/thumb/v7-m\libc_nano.a(lib_a-nano-mallocr.o)
                              f:/st/stm32cubeide_1.1.0/stm32cubeide/plugins/com.st.stm32cube.ide.mcu.externaltools.gnu-tools-for-stm32.7-2018-q2-update.win32_1.0.0.201904181610/tools/bin/../lib/gcc/arm-none-eabi/7.3.1/../../../../arm-none-eabi/lib/thumb/v7-m\libc_nano.a(lib_a-malloc.o) (_malloc_r)
[...]
Memory Configuration

Name             Origin             Length             Attributes
RAM              0x0000000020000000 0x000000000000c000 xrw
FLASH            0x0000000008000000 0x0000000000040000 xr
*default*        0x0000000000000000 0xffffffffffffffff

Linker script and memory map

LOAD f:/st/stm32cubeide_1.1.0/stm32cubeide/plugins/com.st.stm32cube.ide.mcu.externaltools.gnu-tools-for-stm32.7-2018-q2-update.win32_1.0.0.201904181610/tools/bin/../lib/gcc/arm-none-eabi/7.3.1/thumb/v7-m/crti.o
LOAD f:/st/stm32cubeide_1.1.0/stm32cubeide/plugins/com.st.stm32cube.ide.mcu.externaltools.gnu-tools-for-stm32.7-2018-q2-update.win32_1.0.0.201904181610/tools/bin/../lib/gcc/arm-none-eabi/7.3.1/thumb/v7-m/crtbegin.o
LOAD f:/st/stm32cubeide_1.1.0/stm32cubeide/plugins/com.st.stm32cube.ide.mcu.externaltools.gnu-tools-for-stm32.7-2018-q2-update.win32_1.0.0.201904181610/tools/bin/../lib/gcc/arm-none-eabi/7.3.1/../../../../arm-none-eabi/lib/thumb/v7-m/crt0.o
LOAD Core/Src/basic_draw.o
LOAD Core/Src/draw.o
LOAD Core/Src/lcd.o
LOAD Core/Src/main.o
LOAD Core/Src/run.o
LOAD Core/Src/stm32f1xx_hal_msp.o
LOAD Core/Src/stm32f1xx_it.o
LOAD Core/Src/syscalls.o
LOAD Core/Src/sysmem.o
LOAD Core/Src/system_stm32f1xx.o
LOAD Core/Src/util.o
LOAD Core/Startup/startup_stm32f103rctx.o
LOAD Drivers/STM32F1xx_HAL_Driver/Src/stm32f1xx_hal.o
LOAD Drivers/STM32F1xx_HAL_Driver/Src/stm32f1xx_hal_cortex.o
LOAD Drivers/STM32F1xx_HAL_Driver/Src/stm32f1xx_hal_dma.o
LOAD Drivers/STM32F1xx_HAL_Driver/Src/stm32f1xx_hal_exti.o
LOAD Drivers/STM32F1xx_HAL_Driver/Src/stm32f1xx_hal_flash.o
LOAD Drivers/STM32F1xx_HAL_Driver/Src/stm32f1xx_hal_flash_ex.o
LOAD Drivers/STM32F1xx_HAL_Driver/Src/stm32f1xx_hal_gpio.o
LOAD Drivers/STM32F1xx_HAL_Driver/Src/stm32f1xx_hal_gpio_ex.o
LOAD Drivers/STM32F1xx_HAL_Driver/Src/stm32f1xx_hal_pwr.o
LOAD Drivers/STM32F1xx_HAL_Driver/Src/stm32f1xx_hal_rcc.o
LOAD Drivers/STM32F1xx_HAL_Driver/Src/stm32f1xx_hal_rcc_ex.o
LOAD Drivers/STM32F1xx_HAL_Driver/Src/stm32f1xx_hal_rtc.o
LOAD Drivers/STM32F1xx_HAL_Driver/Src/stm32f1xx_hal_rtc_ex.o
LOAD Drivers/STM32F1xx_HAL_Driver/Src/stm32f1xx_hal_tim.o
LOAD Drivers/STM32F1xx_HAL_Driver/Src/stm32f1xx_hal_tim_ex.o
LOAD Drivers/STM32F1xx_HAL_Driver/Src/stm32f1xx_hal_uart.o
START GROUP
LOAD f:/st/stm32cubeide_1.1.0/stm32cubeide/plugins/com.st.stm32cube.ide.mcu.externaltools.gnu-tools-for-stm32.7-2018-q2-update.win32_1.0.0.201904181610/tools/bin/../lib/gcc/arm-none-eabi/7.3.1/../../../../arm-none-eabi/lib/thumb/v7-m\libc_nano.a
LOAD f:/st/stm32cubeide_1.1.0/stm32cubeide/plugins/com.st.stm32cube.ide.mcu.externaltools.gnu-tools-for-stm32.7-2018-q2-update.win32_1.0.0.201904181610/tools/bin/../lib/gcc/arm-none-eabi/7.3.1/../../../../arm-none-eabi/lib/thumb/v7-m\libm.a
END GROUP
START GROUP
LOAD f:/st/stm32cubeide_1.1.0/stm32cubeide/plugins/com.st.stm32cube.ide.mcu.externaltools.gnu-tools-for-stm32.7-2018-q2-update.win32_1.0.0.201904181610/tools/bin/../lib/gcc/arm-none-eabi/7.3.1/thumb/v7-m\libgcc.a
LOAD f:/st/stm32cubeide_1.1.0/stm32cubeide/plugins/com.st.stm32cube.ide.mcu.externaltools.gnu-tools-for-stm32.7-2018-q2-update.win32_1.0.0.201904181610/tools/bin/../lib/gcc/arm-none-eabi/7.3.1/../../../../arm-none-eabi/lib/thumb/v7-m\libc_nano.a
END GROUP
START GROUP
LOAD f:/st/stm32cubeide_1.1.0/stm32cubeide/plugins/com.st.stm32cube.ide.mcu.externaltools.gnu-tools-for-stm32.7-2018-q2-update.win32_1.0.0.201904181610/tools/bin/../lib/gcc/arm-none-eabi/7.3.1/thumb/v7-m\libgcc.a
LOAD f:/st/stm32cubeide_1.1.0/stm32cubeide/plugins/com.st.stm32cube.ide.mcu.externaltools.gnu-tools-for-stm32.7-2018-q2-update.win32_1.0.0.201904181610/tools/bin/../lib/gcc/arm-none-eabi/7.3.1/../../../../arm-none-eabi/lib/thumb/v7-m\libc_nano.a
LOAD f:/st/stm32cubeide_1.1.0/stm32cubeide/plugins/com.st.stm32cube.ide.mcu.externaltools.gnu-tools-for-stm32.7-2018-q2-update.win32_1.0.0.201904181610/tools/bin/../lib/gcc/arm-none-eabi/7.3.1/../../../../arm-none-eabi/lib/thumb/v7-m\libnosys.a
END GROUP
START GROUP
LOAD f:/st/stm32cubeide_1.1.0/stm32cubeide/plugins/com.st.stm32cube.ide.mcu.externaltools.gnu-tools-for-stm32.7-2018-q2-update.win32_1.0.0.201904181610/tools/bin/../lib/gcc/arm-none-eabi/7.3.1/thumb/v7-m\libgcc.a
LOAD f:/st/stm32cubeide_1.1.0/stm32cubeide/plugins/com.st.stm32cube.ide.mcu.externaltools.gnu-tools-for-stm32.7-2018-q2-update.win32_1.0.0.201904181610/tools/bin/../lib/gcc/arm-none-eabi/7.3.1/../../../../arm-none-eabi/lib/thumb/v7-m\libc_nano.a
LOAD f:/st/stm32cubeide_1.1.0/stm32cubeide/plugins/com.st.stm32cube.ide.mcu.externaltools.gnu-tools-for-stm32.7-2018-q2-update.win32_1.0.0.201904181610/tools/bin/../lib/gcc/arm-none-eabi/7.3.1/../../../../arm-none-eabi/lib/thumb/v7-m\libnosys.a
END GROUP
LOAD f:/st/stm32cubeide_1.1.0/stm32cubeide/plugins/com.st.stm32cube.ide.mcu.externaltools.gnu-tools-for-stm32.7-2018-q2-update.win32_1.0.0.201904181610/tools/bin/../lib/gcc/arm-none-eabi/7.3.1/thumb/v7-m/crtend.o
LOAD f:/st/stm32cubeide_1.1.0/stm32cubeide/plugins/com.st.stm32cube.ide.mcu.externaltools.gnu-tools-for-stm32.7-2018-q2-update.win32_1.0.0.201904181610/tools/bin/../lib/gcc/arm-none-eabi/7.3.1/thumb/v7-m/crtn.o
                0x000000002000c000                _estack = (ORIGIN (RAM) + LENGTH (RAM))
                0x0000000000000200                _Min_Heap_Size = 0x200
                0x0000000000000400                _Min_Stack_Size = 0x400

.isr_vector     0x0000000008000000      0x1e4
                0x0000000008000000                . = ALIGN (0x4)
 *(.isr_vector)
 .isr_vector    0x0000000008000000      0x1e4 Core/Startup/startup_stm32f103rctx.o
                0x0000000008000000                g_pfnVectors
                0x00000000080001e4                . = ALIGN (0x4)

.text           0x00000000080001e8     0xa718
                0x00000000080001e8                . = ALIGN (0x4)
 *(.text)
 .text          0x00000000080001e8       0x40 f:/st/stm32cubeide_1.1.0/stm32cubeide/plugins/com.st.stm32cube.ide.mcu.externaltools.gnu-tools-for-stm32.7-2018-q2-update.win32_1.0.0.201904181610/tools/bin/../lib/gcc/arm-none-eabi/7.3.1/thumb/v7-m/crtbegin.o
 .text          0x0000000008000228      0x378 f:/st/stm32cubeide_1.1.0/stm32cubeide/plugins/com.st.stm32cube.ide.mcu.externaltools.gnu-tools-for-stm32.7-2018-q2-update.win32_1.0.0.201904181610/tools/bin/../lib/gcc/arm-none-eabi/7.3.1/thumb/v7-m\libgcc.a(_arm_addsubdf3.o)
                0x0000000008000228                __aeabi_drsub
                0x0000000008000230                __aeabi_dsub
                0x0000000008000230                __subdf3
                0x0000000008000234                __aeabi_dadd
                0x0000000008000234                __adddf3
                0x00000000080004ac                __floatunsidf
                0x00000000080004ac                __aeabi_ui2d
                0x00000000080004cc                __floatsidf
                0x00000000080004cc                __aeabi_i2d
                0x00000000080004f0                __aeabi_f2d
                0x00000000080004f0                __extendsfdf2
                0x0000000008000534                __floatundidf
                0x0000000008000534                __aeabi_ul2d
                0x0000000008000544                __floatdidf
                0x0000000008000544                __aeabi_l2d
 .text          0x00000000080005a0      0x424 f:/st/stm32cubeide_1.1.0/stm32cubeide/plugins/com.st.stm32cube.ide.mcu.externaltools.gnu-tools-for-stm32.7-2018-q2-update.win32_1.0.0.201904181610/tools/bin/../lib/gcc/arm-none-eabi/7.3.1/thumb/v7-m\libgcc.a(_arm_muldivdf3.o)
                0x00000000080005a0                __aeabi_dmul
                0x00000000080005a0                __muldf3
                0x00000000080007f4                __divdf3
                0x00000000080007f4                __aeabi_ddiv
 .text          0x00000000080009c4       0x40 f:/st/stm32cubeide_1.1.0/stm32cubeide/plugins/com.st.stm32cube.ide.mcu.externaltools.gnu-tools-for-stm32.7-2018-q2-update.win32_1.0.0.201904181610/tools/bin/../lib/gcc/arm-none-eabi/7.3.1/thumb/v7-m\libgcc.a(_arm_fixunsdfsi.o)
                0x00000000080009c4                __aeabi_d2uiz
                0x00000000080009c4                __fixunsdfsi
 *(.text*)
 .text.draw_my_plane
                0x0000000008000a04       0x56 Core/Src/basic_draw.o
                0x0000000008000a04                draw_my_plane
 *fill*         0x0000000008000a5a        0x2 
 .text.draw_enemy_plane
                0x0000000008000a5c       0x4c Core/Src/basic_draw.o
                0x0000000008000a5c                draw_enemy_plane
 .text.draw_boss
                0x0000000008000aa8       0x5c Core/Src/basic_draw.o
                0x0000000008000aa8                draw_boss
 .text.draw_my_bullet
                0x0000000008000b04       0xb0 Core/Src/basic_draw.o
                0x0000000008000b04                draw_my_bullet
 .text.draw_enemy_bullet
                0x0000000008000bb4       0xa2 Core/Src/basic_draw.o
                0x0000000008000bb4                draw_enemy_bullet
 *fill*         0x0000000008000c56        0x2 
 .text.draw_heart
                0x0000000008000c58       0x48 Core/Src/basic_draw.o
                0x0000000008000c58                draw_heart
 .text.draw_reversed_trigon
                0x0000000008000ca0       0x88 Core/Src/basic_draw.o
                0x0000000008000ca0                draw_reversed_trigon
 .text.draw_rectangle
                0x0000000008000d28       0x8e Core/Src/basic_draw.o
                0x0000000008000d28                draw_rectangle
 .text.draw_left_triangle
                0x0000000008000db6       0x72 Core/Src/basic_draw.o
                0x0000000008000db6                draw_left_triangle
 .text.draw_right_triangle
                0x0000000008000e28       0x72 Core/Src/basic_draw.o
                0x0000000008000e28                draw_right_triangle
 .text.draw_trapezoid
                0x0000000008000e9a       0xc2 Core/Src/basic_draw.o
                0x0000000008000e9a                draw_trapezoid
 .text.draw_start_page
                0x0000000008000f5c       0x5c Core/Src/draw.o
                0x0000000008000f5c                draw_start_page
 .text.init_play_interface
                0x0000000008000fb8       0x48 Core/Src/draw.o
                0x0000000008000fb8                init_play_interface
 .text.draw_new_level
                0x0000000008001000       0x50 Core/Src/draw.o
                0x0000000008001000                draw_new_level
 .text.draw_end
                0x0000000008001050      0x240 Core/Src/draw.o
                0x0000000008001050                draw_end
 .text.draw_play_title
                0x0000000008001290       0x8c Core/Src/draw.o
                0x0000000008001290                draw_play_title
 .text.draw_all_my_buttles
                0x000000000800131c       0x52 Core/Src/draw.o
                0x000000000800131c                draw_all_my_buttles
 .text.draw_all_enemy_planes
                0x000000000800136e       0x52 Core/Src/draw.o
                0x000000000800136e                draw_all_enemy_planes
 .text.draw_all_enemy_buttles
                0x00000000080013c0       0x54 Core/Src/draw.o
                0x00000000080013c0                draw_all_enemy_buttles
 .text.draw_play_all
                0x0000000008001414       0x56 Core/Src/draw.o
                0x0000000008001414                draw_play_all
 *fill*         0x000000000800146a        0x2 
 .text.LCD_WR_REG
                0x000000000800146c       0x48 Core/Src/lcd.o
                0x000000000800146c                LCD_WR_REG
 .text.LCD_WR_DATAX
                0x00000000080014b4       0x48 Core/Src/lcd.o
                0x00000000080014b4                LCD_WR_DATAX
 .text.LCD_RD_DATA
                0x00000000080014fc       0x88 Core/Src/lcd.o
                0x00000000080014fc                LCD_RD_DATA
 .text.LCD_WriteReg
                0x0000000008001584       0x54 Core/Src/lcd.o
                0x0000000008001584                LCD_WriteReg
 .text.LCD_ReadReg
                0x00000000080015d8       0x20 Core/Src/lcd.o
                0x00000000080015d8                LCD_ReadReg
 .text.LCD_WriteRAM_Prepare
                0x00000000080015f8       0x18 Core/Src/lcd.o
                0x00000000080015f8                LCD_WriteRAM_Prepare
 .text.LCD_SetCursor
                0x0000000008001610      0x598 Core/Src/lcd.o
                0x0000000008001610                LCD_SetCursor
 .text.LCD_Scan_Dir
                0x0000000008001ba8      0x624 Core/Src/lcd.o
                0x0000000008001ba8                LCD_Scan_Dir
 .text.LCD_DrawPoint
                0x00000000080021cc       0x60 Core/Src/lcd.o
                0x00000000080021cc                LCD_DrawPoint
 .text.LCD_Fast_DrawPoint
                0x000000000800222c      0x52c Core/Src/lcd.o
                0x000000000800222c                LCD_Fast_DrawPoint
 .text.LCD_SSD_BackLightSet
                0x0000000008002758      0x148 Core/Src/lcd.o
                0x0000000008002758                LCD_SSD_BackLightSet
 .text.LCD_Display_Dir
                0x00000000080028a0      0x218 Core/Src/lcd.o
                0x00000000080028a0                LCD_Display_Dir
 .text.LCD_Init
                0x0000000008002ab8     0x3e5c Core/Src/lcd.o
                0x0000000008002ab8                LCD_Init
 .text.LCD_Clear
                0x0000000008006914       0xc4 Core/Src/lcd.o
                0x0000000008006914                LCD_Clear
 .text.LCD_Fill
                0x00000000080069d8      0x118 Core/Src/lcd.o
                0x00000000080069d8                LCD_Fill
 .text.LCD_DrawLine
                0x0000000008006af0      0x106 Core/Src/lcd.o
                0x0000000008006af0                LCD_DrawLine
 .text.LCD_Draw_Circle
                0x0000000008006bf6      0x138 Core/Src/lcd.o
                0x0000000008006bf6                LCD_Draw_Circle
 *fill*         0x0000000008006d2e        0x2 
 .text.LCD_ShowChar
                0x0000000008006d30      0x15c Core/Src/lcd.o
                0x0000000008006d30                LCD_ShowChar
 .text.LCD_Pow  0x0000000008006e8c       0x36 Core/Src/lcd.o
                0x0000000008006e8c                LCD_Pow
 *fill*         0x0000000008006ec2        0x2 
 .text.LCD_ShowxNum
                0x0000000008006ec4      0x134 Core/Src/lcd.o
                0x0000000008006ec4                LCD_ShowxNum
 .text.LCD_ShowString
                0x0000000008006ff8       0x9c Core/Src/lcd.o
                0x0000000008006ff8                LCD_ShowString
 .text.main     0x0000000008007094      0x20c Core/Src/main.o
                0x0000000008007094                main
 .text.SystemClock_Config
                0x00000000080072a0       0xbe Core/Src/main.o
                0x00000000080072a0                SystemClock_Config
 *fill*         0x000000000800735e        0x2 
 .text.MX_RTC_Init
                0x0000000008007360       0x54 Core/Src/main.o
 .text.MX_USART1_UART_Init
                0x00000000080073b4       0x54 Core/Src/main.o
 .text.MX_GPIO_Init
                0x0000000008007408      0x114 Core/Src/main.o
 .text.draw_all_through_struct
                0x000000000800751c       0x48 Core/Src/main.o
                0x000000000800751c                draw_all_through_struct
 .text.all_init
                0x0000000008007564       0x44 Core/Src/main.o
                0x0000000008007564                all_init
 .text.init_interface_info
                0x00000000080075a8       0xe8 Core/Src/main.o
                0x00000000080075a8                init_interface_info
 .text.init_interface_info_second_time
                0x0000000008007690       0xd8 Core/Src/main.o
                0x0000000008007690                init_interface_info_second_time
 .text.init_interface_info_new_level
                0x0000000008007768       0xbc Core/Src/main.o
                0x0000000008007768                init_interface_info_new_level
 .text.Error_Handler
                0x0000000008007824        0xc Core/Src/main.o
                0x0000000008007824                Error_Handler
 .text.check_overlap
                0x0000000008007830       0xb8 Core/Src/run.o
                0x0000000008007830                check_overlap
 .text.generate_enemy_planes
                0x00000000080078e8      0x130 Core/Src/run.o
                0x00000000080078e8                generate_enemy_planes
 .text.switch_my_act
                0x0000000008007a18      0x17c Core/Src/run.o
                0x0000000008007a18                switch_my_act
 .text.update_my_buttles
                0x0000000008007b94       0xc8 Core/Src/run.o
                0x0000000008007b94                update_my_buttles
 .text.update_enemy_planes
                0x0000000008007c5c      0x128 Core/Src/run.o
                0x0000000008007c5c                update_enemy_planes
 .text.check_my_plane_to_enemy_plane_collide
                0x0000000008007d84      0x174 Core/Src/run.o
                0x0000000008007d84                check_my_plane_to_enemy_plane_collide
 .text.check_my_buttles_to_enemy_plane_collide
                0x0000000008007ef8      0x1ac Core/Src/run.o
                0x0000000008007ef8                check_my_buttles_to_enemy_plane_collide
 .text.HAL_MspInit
                0x00000000080080a4       0x64 Core/Src/stm32f1xx_hal_msp.o
                0x00000000080080a4                HAL_MspInit
 .text.HAL_RTC_MspInit
                0x0000000008008108       0x48 Core/Src/stm32f1xx_hal_msp.o
                0x0000000008008108                HAL_RTC_MspInit
 .text.HAL_UART_MspInit
                0x0000000008008150       0x98 Core/Src/stm32f1xx_hal_msp.o
                0x0000000008008150                HAL_UART_MspInit
 .text.NMI_Handler
                0x00000000080081e8        0xc Core/Src/stm32f1xx_it.o
                0x00000000080081e8                NMI_Handler
 .text.HardFault_Handler
                0x00000000080081f4        0x6 Core/Src/stm32f1xx_it.o
                0x00000000080081f4                HardFault_Handler
 .text.MemManage_Handler
                0x00000000080081fa        0x6 Core/Src/stm32f1xx_it.o
                0x00000000080081fa                MemManage_Handler
 .text.BusFault_Handler
                0x0000000008008200        0x6 Core/Src/stm32f1xx_it.o
                0x0000000008008200                BusFault_Handler
 .text.UsageFault_Handler
                0x0000000008008206        0x6 Core/Src/stm32f1xx_it.o
                0x0000000008008206                UsageFault_Handler
 .text.SVC_Handler
                0x000000000800820c        0xc Core/Src/stm32f1xx_it.o
                0x000000000800820c                SVC_Handler
 .text.DebugMon_Handler
                0x0000000008008218        0xc Core/Src/stm32f1xx_it.o
                0x0000000008008218                DebugMon_Handler
 .text.PendSV_Handler
                0x0000000008008224        0xc Core/Src/stm32f1xx_it.o
                0x0000000008008224                PendSV_Handler
 .text.SysTick_Handler
                0x0000000008008230        0xc Core/Src/stm32f1xx_it.o
                0x0000000008008230                SysTick_Handler
 .text._sbrk    0x000000000800823c       0x58 Core/Src/sysmem.o
                0x000000000800823c                _sbrk
 .text.SystemInit
                0x0000000008008294       0x68 Core/Src/system_stm32f1xx.o
                0x0000000008008294                SystemInit
 .text.KEY0_or_POWER_to_skip
                0x00000000080082fc       0x24 Core/Src/util.o
                0x00000000080082fc                KEY0_or_POWER_to_skip
 .text.arrange_my_buttles
                0x0000000008008320       0x5c Core/Src/util.o
                0x0000000008008320                arrange_my_buttles
 .text.arrange_enemy_planes
                0x000000000800837c       0x5c Core/Src/util.o
                0x000000000800837c                arrange_enemy_planes
 .text.Reset_Handler
                0x00000000080083d8       0x48 Core/Startup/startup_stm32f103rctx.o
                0x00000000080083d8                Reset_Handler
 .text.Default_Handler
                0x0000000008008420        0x2 Core/Startup/startup_stm32f103rctx.o
                0x0000000008008420                RTC_Alarm_IRQHandler
                0x0000000008008420                EXTI2_IRQHandler
                0x0000000008008420                TIM8_TRG_COM_IRQHandler
                0x0000000008008420                TIM8_CC_IRQHandler
                0x0000000008008420                TIM1_CC_IRQHandler
                0x0000000008008420                TIM6_IRQHandler
                0x0000000008008420                PVD_IRQHandler
                0x0000000008008420                SDIO_IRQHandler
                0x0000000008008420                EXTI3_IRQHandler
                0x0000000008008420                EXTI0_IRQHandler
                0x0000000008008420                I2C2_EV_IRQHandler
                0x0000000008008420                ADC1_2_IRQHandler
                0x0000000008008420                SPI1_IRQHandler
                0x0000000008008420                TAMPER_IRQHandler
                0x0000000008008420                TIM8_UP_IRQHandler
                0x0000000008008420                DMA2_Channel2_IRQHandler
                0x0000000008008420                DMA1_Channel4_IRQHandler
                0x0000000008008420                USART3_IRQHandler
                0x0000000008008420                RTC_IRQHandler
                0x0000000008008420                DMA1_Channel7_IRQHandler
                0x0000000008008420                CAN1_RX1_IRQHandler
                0x0000000008008420                UART5_IRQHandler
                0x0000000008008420                ADC3_IRQHandler
                0x0000000008008420                TIM4_IRQHandler
                0x0000000008008420                DMA2_Channel1_IRQHandler
                0x0000000008008420                I2C1_EV_IRQHandler
                0x0000000008008420                DMA1_Channel6_IRQHandler
                0x0000000008008420                UART4_IRQHandler
                0x0000000008008420                TIM3_IRQHandler
                0x0000000008008420                RCC_IRQHandler
                0x0000000008008420                TIM1_TRG_COM_IRQHandler
                0x0000000008008420                DMA1_Channel1_IRQHandler
                0x0000000008008420                Default_Handler
                0x0000000008008420                EXTI15_10_IRQHandler
                0x0000000008008420                TIM7_IRQHandler
                0x0000000008008420                TIM5_IRQHandler
                0x0000000008008420                EXTI9_5_IRQHandler
                0x0000000008008420                SPI2_IRQHandler
                0x0000000008008420                DMA1_Channel5_IRQHandler
                0x0000000008008420                EXTI4_IRQHandler
                0x0000000008008420                USB_LP_CAN1_RX0_IRQHandler
                0x0000000008008420                USB_HP_CAN1_TX_IRQHandler
                0x0000000008008420                DMA1_Channel3_IRQHandler
                0x0000000008008420                FSMC_IRQHandler
                0x0000000008008420                TIM1_UP_IRQHandler
                0x0000000008008420                WWDG_IRQHandler
                0x0000000008008420                TIM2_IRQHandler
                0x0000000008008420                TIM1_BRK_IRQHandler
                0x0000000008008420                EXTI1_IRQHandler
                0x0000000008008420                DMA2_Channel4_5_IRQHandler
                0x0000000008008420                USART2_IRQHandler
                0x0000000008008420                I2C2_ER_IRQHandler
                0x0000000008008420                DMA1_Channel2_IRQHandler
                0x0000000008008420                TIM8_BRK_IRQHandler
                0x0000000008008420                CAN1_SCE_IRQHandler
                0x0000000008008420                FLASH_IRQHandler
                0x0000000008008420                USART1_IRQHandler
                0x0000000008008420                SPI3_IRQHandler
                0x0000000008008420                I2C1_ER_IRQHandler
                0x0000000008008420                USBWakeUp_IRQHandler
                0x0000000008008420                DMA2_Channel3_IRQHandler
 *fill*         0x0000000008008422        0x2 
 .text.HAL_Init
                0x0000000008008424       0x2c Drivers/STM32F1xx_HAL_Driver/Src/stm32f1xx_hal.o
                0x0000000008008424                HAL_Init
 .text.HAL_InitTick
                0x0000000008008450       0x60 Drivers/STM32F1xx_HAL_Driver/Src/stm32f1xx_hal.o
                0x0000000008008450                HAL_InitTick
 .text.HAL_IncTick
                0x00000000080084b0       0x24 Drivers/STM32F1xx_HAL_Driver/Src/stm32f1xx_hal.o
                0x00000000080084b0                HAL_IncTick
 .text.HAL_GetTick
                0x00000000080084d4       0x14 Drivers/STM32F1xx_HAL_Driver/Src/stm32f1xx_hal.o
                0x00000000080084d4                HAL_GetTick
 .text.HAL_Delay
                0x00000000080084e8       0x44 Drivers/STM32F1xx_HAL_Driver/Src/stm32f1xx_hal.o
                0x00000000080084e8                HAL_Delay
 .text.__NVIC_SetPriorityGrouping
                0x000000000800852c       0x48 Drivers/STM32F1xx_HAL_Driver/Src/stm32f1xx_hal_cortex.o
 .text.__NVIC_GetPriorityGrouping
                0x0000000008008574       0x1c Drivers/STM32F1xx_HAL_Driver/Src/stm32f1xx_hal_cortex.o
 .text.__NVIC_SetPriority
                0x0000000008008590       0x54 Drivers/STM32F1xx_HAL_Driver/Src/stm32f1xx_hal_cortex.o
 .text.NVIC_EncodePriority
                0x00000000080085e4       0x64 Drivers/STM32F1xx_HAL_Driver/Src/stm32f1xx_hal_cortex.o
 .text.SysTick_Config
                0x0000000008008648       0x44 Drivers/STM32F1xx_HAL_Driver/Src/stm32f1xx_hal_cortex.o
 .text.HAL_NVIC_SetPriorityGrouping
                0x000000000800868c       0x16 Drivers/STM32F1xx_HAL_Driver/Src/stm32f1xx_hal_cortex.o
                0x000000000800868c                HAL_NVIC_SetPriorityGrouping
 .text.HAL_NVIC_SetPriority
                0x00000000080086a2       0x38 Drivers/STM32F1xx_HAL_Driver/Src/stm32f1xx_hal_cortex.o
                0x00000000080086a2                HAL_NVIC_SetPriority
 .text.HAL_SYSTICK_Config
                0x00000000080086da       0x18 Drivers/STM32F1xx_HAL_Driver/Src/stm32f1xx_hal_cortex.o
                0x00000000080086da                HAL_SYSTICK_Config
 *fill*         0x00000000080086f2        0x2 
 .text.HAL_GPIO_Init
                0x00000000080086f4      0x2d4 Drivers/STM32F1xx_HAL_Driver/Src/stm32f1xx_hal_gpio.o
                0x00000000080086f4                HAL_GPIO_Init
 .text.HAL_GPIO_ReadPin
                0x00000000080089c8       0x2e Drivers/STM32F1xx_HAL_Driver/Src/stm32f1xx_hal_gpio.o
                0x00000000080089c8                HAL_GPIO_ReadPin
 .text.HAL_GPIO_WritePin
                0x00000000080089f6       0x30 Drivers/STM32F1xx_HAL_Driver/Src/stm32f1xx_hal_gpio.o
                0x00000000080089f6                HAL_GPIO_WritePin
 *fill*         0x0000000008008a26        0x2 
 .text.HAL_PWR_EnableBkUpAccess
                0x0000000008008a28       0x18 Drivers/STM32F1xx_HAL_Driver/Src/stm32f1xx_hal_pwr.o
                0x0000000008008a28                HAL_PWR_EnableBkUpAccess
 .text.HAL_RCC_OscConfig
                0x0000000008008a40      0x500 Drivers/STM32F1xx_HAL_Driver/Src/stm32f1xx_hal_rcc.o
                0x0000000008008a40                HAL_RCC_OscConfig
 .text.HAL_RCC_ClockConfig
                0x0000000008008f40      0x1d4 Drivers/STM32F1xx_HAL_Driver/Src/stm32f1xx_hal_rcc.o
                0x0000000008008f40                HAL_RCC_ClockConfig
 .text.HAL_RCC_GetSysClockFreq
                0x0000000008009114       0xc4 Drivers/STM32F1xx_HAL_Driver/Src/stm32f1xx_hal_rcc.o
                0x0000000008009114                HAL_RCC_GetSysClockFreq
 .text.HAL_RCC_GetHCLKFreq
                0x00000000080091d8       0x14 Drivers/STM32F1xx_HAL_Driver/Src/stm32f1xx_hal_rcc.o
                0x00000000080091d8                HAL_RCC_GetHCLKFreq
 .text.HAL_RCC_GetPCLK1Freq
                0x00000000080091ec       0x28 Drivers/STM32F1xx_HAL_Driver/Src/stm32f1xx_hal_rcc.o
                0x00000000080091ec                HAL_RCC_GetPCLK1Freq
 .text.HAL_RCC_GetPCLK2Freq
                0x0000000008009214       0x28 Drivers/STM32F1xx_HAL_Driver/Src/stm32f1xx_hal_rcc.o
                0x0000000008009214                HAL_RCC_GetPCLK2Freq
 .text.RCC_Delay
                0x000000000800923c       0x3c Drivers/STM32F1xx_HAL_Driver/Src/stm32f1xx_hal_rcc.o
 .text.HAL_RCCEx_PeriphCLKConfig
                0x0000000008009278      0x16c Drivers/STM32F1xx_HAL_Driver/Src/stm32f1xx_hal_rcc_ex.o
                0x0000000008009278                HAL_RCCEx_PeriphCLKConfig
 .text.HAL_RCCEx_GetPeriphCLKFreq
                0x00000000080093e4      0x1d0 Drivers/STM32F1xx_HAL_Driver/Src/stm32f1xx_hal_rcc_ex.o
                0x00000000080093e4                HAL_RCCEx_GetPeriphCLKFreq
 .text.HAL_RTC_Init
                0x00000000080095b4      0x12c Drivers/STM32F1xx_HAL_Driver/Src/stm32f1xx_hal_rtc.o
                0x00000000080095b4                HAL_RTC_Init
 .text.HAL_RTC_GetTime
                0x00000000080096e0      0x1b0 Drivers/STM32F1xx_HAL_Driver/Src/stm32f1xx_hal_rtc.o
                0x00000000080096e0                HAL_RTC_GetTime
 .text.HAL_RTC_WaitForSynchro
                0x0000000008009890       0x5a Drivers/STM32F1xx_HAL_Driver/Src/stm32f1xx_hal_rtc.o
                0x0000000008009890                HAL_RTC_WaitForSynchro
 .text.RTC_ReadTimeCounter
                0x00000000080098ea       0x60 Drivers/STM32F1xx_HAL_Driver/Src/stm32f1xx_hal_rtc.o
 .text.RTC_WriteTimeCounter
                0x000000000800994a       0x4e Drivers/STM32F1xx_HAL_Driver/Src/stm32f1xx_hal_rtc.o
 .text.RTC_ReadAlarmCounter
                0x0000000008009998       0x32 Drivers/STM32F1xx_HAL_Driver/Src/stm32f1xx_hal_rtc.o
 .text.RTC_WriteAlarmCounter
                0x00000000080099ca       0x4e Drivers/STM32F1xx_HAL_Driver/Src/stm32f1xx_hal_rtc.o
 .text.RTC_EnterInitMode
                0x0000000008009a18       0x50 Drivers/STM32F1xx_HAL_Driver/Src/stm32f1xx_hal_rtc.o
 .text.RTC_ExitInitMode
                0x0000000008009a68       0x50 Drivers/STM32F1xx_HAL_Driver/Src/stm32f1xx_hal_rtc.o
 .text.RTC_ByteToBcd2
                0x0000000008009ab8       0x3a Drivers/STM32F1xx_HAL_Driver/Src/stm32f1xx_hal_rtc.o
 .text.RTC_DateUpdate
                0x0000000008009af2      0x152 Drivers/STM32F1xx_HAL_Driver/Src/stm32f1xx_hal_rtc.o
 .text.RTC_IsLeapYear
                0x0000000008009c44       0x64 Drivers/STM32F1xx_HAL_Driver/Src/stm32f1xx_hal_rtc.o
 .text.RTC_WeekDayNum
                0x0000000008009ca8       0xf0 Drivers/STM32F1xx_HAL_Driver/Src/stm32f1xx_hal_rtc.o
 .text.HAL_UART_Init
                0x0000000008009d98       0x9a Drivers/STM32F1xx_HAL_Driver/Src/stm32f1xx_hal_uart.o
                0x0000000008009d98                HAL_UART_Init
 *fill*         0x0000000008009e32        0x2 
 .text.UART_SetConfig
                0x0000000008009e34      0x1b4 Drivers/STM32F1xx_HAL_Driver/Src/stm32f1xx_hal_uart.o
 .text.__errno  0x0000000008009fe8        0xc f:/st/stm32cubeide_1.1.0/stm32cubeide/plugins/com.st.stm32cube.ide.mcu.externaltools.gnu-tools-for-stm32.7-2018-q2-update.win32_1.0.0.201904181610/tools/bin/../lib/gcc/arm-none-eabi/7.3.1/../../../../arm-none-eabi/lib/thumb/v7-m\libc_nano.a(lib_a-errno.o)
                0x0000000008009fe8                __errno
 .text.__libc_init_array
                0x0000000008009ff4       0x48 f:/st/stm32cubeide_1.1.0/stm32cubeide/plugins/com.st.stm32cube.ide.mcu.externaltools.gnu-tools-for-stm32.7-2018-q2-update.win32_1.0.0.201904181610/tools/bin/../lib/gcc/arm-none-eabi/7.3.1/../../../../arm-none-eabi/lib/thumb/v7-m\libc_nano.a(lib_a-init.o)
                0x0000000008009ff4                __libc_init_array
 .text.memset   0x000000000800a03c       0x10 f:/st/stm32cubeide_1.1.0/stm32cubeide/plugins/com.st.stm32cube.ide.mcu.externaltools.gnu-tools-for-stm32.7-2018-q2-update.win32_1.0.0.201904181610/tools/bin/../lib/gcc/arm-none-eabi/7.3.1/../../../../arm-none-eabi/lib/thumb/v7-m\libc_nano.a(lib_a-memset.o)
                0x000000000800a03c                memset
 .text.rand     0x000000000800a04c       0x68 f:/st/stm32cubeide_1.1.0/stm32cubeide/plugins/com.st.stm32cube.ide.mcu.externaltools.gnu-tools-for-stm32.7-2018-q2-update.win32_1.0.0.201904181610/tools/bin/../lib/gcc/arm-none-eabi/7.3.1/../../../../arm-none-eabi/lib/thumb/v7-m\libc_nano.a(lib_a-rand.o)
                0x000000000800a04c                rand
 .text.sprintf  0x000000000800a0b4       0x40 f:/st/stm32cubeide_1.1.0/stm32cubeide/plugins/com.st.stm32cube.ide.mcu.externaltools.gnu-tools-for-stm32.7-2018-q2-update.win32_1.0.0.201904181610/tools/bin/../lib/gcc/arm-none-eabi/7.3.1/../../../../arm-none-eabi/lib/thumb/v7-m\libc_nano.a(lib_a-sprintf.o)
                0x000000000800a0b4                siprintf
                0x000000000800a0b4                sprintf
 .text.malloc   0x000000000800a0f4       0x10 f:/st/stm32cubeide_1.1.0/stm32cubeide/plugins/com.st.stm32cube.ide.mcu.externaltools.gnu-tools-for-stm32.7-2018-q2-update.win32_1.0.0.201904181610/tools/bin/../lib/gcc/arm-none-eabi/7.3.1/../../../../arm-none-eabi/lib/thumb/v7-m\libc_nano.a(lib_a-malloc.o)
                0x000000000800a0f4                malloc
 .text._free_r  0x000000000800a104       0x98 f:/st/stm32cubeide_1.1.0/stm32cubeide/plugins/com.st.stm32cube.ide.mcu.externaltools.gnu-tools-for-stm32.7-2018-q2-update.win32_1.0.0.201904181610/tools/bin/../lib/gcc/arm-none-eabi/7.3.1/../../../../arm-none-eabi/lib/thumb/v7-m\libc_nano.a(lib_a-nano-freer.o)
                0x000000000800a104                _free_r
 .text._malloc_r
                0x000000000800a19c       0xb4 f:/st/stm32cubeide_1.1.0/stm32cubeide/plugins/com.st.stm32cube.ide.mcu.externaltools.gnu-tools-for-stm32.7-2018-q2-update.win32_1.0.0.201904181610/tools/bin/../lib/gcc/arm-none-eabi/7.3.1/../../../../arm-none-eabi/lib/thumb/v7-m\libc_nano.a(lib_a-nano-mallocr.o)
                0x000000000800a19c                _malloc_r
 .text.__ssputs_r
                0x000000000800a250       0xb4 f:/st/stm32cubeide_1.1.0/stm32cubeide/plugins/com.st.stm32cube.ide.mcu.externaltools.gnu-tools-for-stm32.7-2018-q2-update.win32_1.0.0.201904181610/tools/bin/../lib/gcc/arm-none-eabi/7.3.1/../../../../arm-none-eabi/lib/thumb/v7-m\libc_nano.a(lib_a-nano-svfprintf.o)
                0x000000000800a250                __ssputs_r
 .text._svfprintf_r
                0x000000000800a304      0x1f0 f:/st/stm32cubeide_1.1.0/stm32cubeide/plugins/com.st.stm32cube.ide.mcu.externaltools.gnu-tools-for-stm32.7-2018-q2-update.win32_1.0.0.201904181610/tools/bin/../lib/gcc/arm-none-eabi/7.3.1/../../../../arm-none-eabi/lib/thumb/v7-m\libc_nano.a(lib_a-nano-svfprintf.o)
                0x000000000800a304                _svfiprintf_r
                0x000000000800a304                _svfprintf_r
 .text._printf_common
                0x000000000800a4f4       0xec f:/st/stm32cubeide_1.1.0/stm32cubeide/plugins/com.st.stm32cube.ide.mcu.externaltools.gnu-tools-for-stm32.7-2018-q2-update.win32_1.0.0.201904181610/tools/bin/../lib/gcc/arm-none-eabi/7.3.1/../../../../arm-none-eabi/lib/thumb/v7-m\libc_nano.a(lib_a-nano-vfprintf_i.o)
                0x000000000800a4f4                _printf_common
 .text._printf_i
                0x000000000800a5e0      0x224 f:/st/stm32cubeide_1.1.0/stm32cubeide/plugins/com.st.stm32cube.ide.mcu.externaltools.gnu-tools-for-stm32.7-2018-q2-update.win32_1.0.0.201904181610/tools/bin/../lib/gcc/arm-none-eabi/7.3.1/../../../../arm-none-eabi/lib/thumb/v7-m\libc_nano.a(lib_a-nano-vfprintf_i.o)
                0x000000000800a5e0                _printf_i
 .text._sbrk_r  0x000000000800a804       0x20 f:/st/stm32cubeide_1.1.0/stm32cubeide/plugins/com.st.stm32cube.ide.mcu.externaltools.gnu-tools-for-stm32.7-2018-q2-update.win32_1.0.0.201904181610/tools/bin/../lib/gcc/arm-none-eabi/7.3.1/../../../../arm-none-eabi/lib/thumb/v7-m\libc_nano.a(lib_a-sbrkr.o)
                0x000000000800a804                _sbrk_r
 .text.memchr   0x000000000800a824       0x1c f:/st/stm32cubeide_1.1.0/stm32cubeide/plugins/com.st.stm32cube.ide.mcu.externaltools.gnu-tools-for-stm32.7-2018-q2-update.win32_1.0.0.201904181610/tools/bin/../lib/gcc/arm-none-eabi/7.3.1/../../../../arm-none-eabi/lib/thumb/v7-m\libc_nano.a(lib_a-memchr-stub.o)
                0x000000000800a824                memchr
 .text.memcpy   0x000000000800a840       0x16 f:/st/stm32cubeide_1.1.0/stm32cubeide/plugins/com.st.stm32cube.ide.mcu.externaltools.gnu-tools-for-stm32.7-2018-q2-update.win32_1.0.0.201904181610/tools/bin/../lib/gcc/arm-none-eabi/7.3.1/../../../../arm-none-eabi/lib/thumb/v7-m\libc_nano.a(lib_a-memcpy-stub.o)
                0x000000000800a840                memcpy
 .text.memmove  0x000000000800a856       0x32 f:/st/stm32cubeide_1.1.0/stm32cubeide/plugins/com.st.stm32cube.ide.mcu.externaltools.gnu-tools-for-stm32.7-2018-q2-update.win32_1.0.0.201904181610/tools/bin/../lib/gcc/arm-none-eabi/7.3.1/../../../../arm-none-eabi/lib/thumb/v7-m\libc_nano.a(lib_a-memmove.o)
                0x000000000800a856                memmove
 .text.__malloc_lock
                0x000000000800a888        0x2 f:/st/stm32cubeide_1.1.0/stm32cubeide/plugins/com.st.stm32cube.ide.mcu.externaltools.gnu-tools-for-stm32.7-2018-q2-update.win32_1.0.0.201904181610/tools/bin/../lib/gcc/arm-none-eabi/7.3.1/../../../../arm-none-eabi/lib/thumb/v7-m\libc_nano.a(lib_a-mlock.o)
                0x000000000800a888                __malloc_lock
 .text.__malloc_unlock
                0x000000000800a88a        0x2 f:/st/stm32cubeide_1.1.0/stm32cubeide/plugins/com.st.stm32cube.ide.mcu.externaltools.gnu-tools-for-stm32.7-2018-q2-update.win32_1.0.0.201904181610/tools/bin/../lib/gcc/arm-none-eabi/7.3.1/../../../../arm-none-eabi/lib/thumb/v7-m\libc_nano.a(lib_a-mlock.o)
                0x000000000800a88a                __malloc_unlock
 .text._realloc_r
                0x000000000800a88c       0x4c f:/st/stm32cubeide_1.1.0/stm32cubeide/plugins/com.st.stm32cube.ide.mcu.externaltools.gnu-tools-for-stm32.7-2018-q2-update.win32_1.0.0.201904181610/tools/bin/../lib/gcc/arm-none-eabi/7.3.1/../../../../arm-none-eabi/lib/thumb/v7-m\libc_nano.a(lib_a-nano-reallocr.o)
                0x000000000800a88c                _realloc_r
 .text._malloc_usable_size_r
                0x000000000800a8d8       0x10 f:/st/stm32cubeide_1.1.0/stm32cubeide/plugins/com.st.stm32cube.ide.mcu.externaltools.gnu-tools-for-stm32.7-2018-q2-update.win32_1.0.0.201904181610/tools/bin/../lib/gcc/arm-none-eabi/7.3.1/../../../../arm-none-eabi/lib/thumb/v7-m\libc_nano.a(lib_a-nano-msizer.o)
                0x000000000800a8d8                _malloc_usable_size_r
 *(.glue_7)
 .glue_7        0x000000000800a8e8        0x0 linker stubs
 *(.glue_7t)
 .glue_7t       0x000000000800a8e8        0x0 linker stubs
 *(.eh_frame)
 .eh_frame      0x000000000800a8e8        0x0 f:/st/stm32cubeide_1.1.0/stm32cubeide/plugins/com.st.stm32cube.ide.mcu.externaltools.gnu-tools-for-stm32.7-2018-q2-update.win32_1.0.0.201904181610/tools/bin/../lib/gcc/arm-none-eabi/7.3.1/thumb/v7-m/crtbegin.o
 *(.init)
 .init          0x000000000800a8e8        0x4 f:/st/stm32cubeide_1.1.0/stm32cubeide/plugins/com.st.stm32cube.ide.mcu.externaltools.gnu-tools-for-stm32.7-2018-q2-update.win32_1.0.0.201904181610/tools/bin/../lib/gcc/arm-none-eabi/7.3.1/thumb/v7-m/crti.o
                0x000000000800a8e8                _init
 .init          0x000000000800a8ec        0x8 f:/st/stm32cubeide_1.1.0/stm32cubeide/plugins/com.st.stm32cube.ide.mcu.externaltools.gnu-tools-for-stm32.7-2018-q2-update.win32_1.0.0.201904181610/tools/bin/../lib/gcc/arm-none-eabi/7.3.1/thumb/v7-m/crtn.o
 *(.fini)
 .fini          0x000000000800a8f4        0x4 f:/st/stm32cubeide_1.1.0/stm32cubeide/plugins/com.st.stm32cube.ide.mcu.externaltools.gnu-tools-for-stm32.7-2018-q2-update.win32_1.0.0.201904181610/tools/bin/../lib/gcc/arm-none-eabi/7.3.1/thumb/v7-m/crti.o
                0x000000000800a8f4                _fini
 .fini          0x000000000800a8f8        0x8 f:/st/stm32cubeide_1.1.0/stm32cubeide/plugins/com.st.stm32cube.ide.mcu.externaltools.gnu-tools-for-stm32.7-2018-q2-update.win32_1.0.0.201904181610/tools/bin/../lib/gcc/arm-none-eabi/7.3.1/thumb/v7-m/crtn.o
                0x000000000800a900                . = ALIGN (0x4)
                0x000000000800a900                _etext = .

.vfp11_veneer   0x000000000800a900        0x0
 .vfp11_veneer  0x000000000800a900        0x0 linker stubs

.v4_bx          0x000000000800a900        0x0
 .v4_bx         0x000000000800a900        0x0 linker stubs

.iplt           0x000000000800a900        0x0
 .iplt          0x000000000800a900        0x0 f:/st/stm32cubeide_1.1.0/stm32cubeide/plugins/com.st.stm32cube.ide.mcu.externaltools.gnu-tools-for-stm32.7-2018-q2-update.win32_1.0.0.201904181610/tools/bin/../lib/gcc/arm-none-eabi/7.3.1/thumb/v7-m/crtbegin.o

.rodata         0x000000000800a900     0x18b4
                0x000000000800a900                . = ALIGN (0x4)
 *(.rodata)
 .rodata        0x000000000800a900       0x7f Core/Src/draw.o
 *fill*         0x000000000800a97f        0x1 
 .rodata        0x000000000800a980       0x12 Drivers/STM32F1xx_HAL_Driver/Src/stm32f1xx_hal_rcc.o
 *fill*         0x000000000800a992        0x2 
 .rodata        0x000000000800a994       0x12 Drivers/STM32F1xx_HAL_Driver/Src/stm32f1xx_hal_rcc_ex.o
 *(.rodata*)
 *fill*         0x000000000800a9a6        0x2 
 .rodata.asc2_1206
                0x000000000800a9a8      0x474 Core/Src/lcd.o
                0x000000000800a9a8                asc2_1206
 .rodata.asc2_1608
                0x000000000800ae1c      0x5f0 Core/Src/lcd.o
                0x000000000800ae1c                asc2_1608
 .rodata.asc2_2412
                0x000000000800b40c      0xd5c Core/Src/lcd.o
                0x000000000800b40c                asc2_2412
 .rodata.AHBPrescTable
                0x000000000800c168       0x10 Core/Src/system_stm32f1xx.o
                0x000000000800c168                AHBPrescTable
 .rodata.APBPrescTable
                0x000000000800c178        0x8 Core/Src/system_stm32f1xx.o
                0x000000000800c178                APBPrescTable
 .rodata._svfprintf_r.str1.1
                0x000000000800c180       0x11 f:/st/stm32cubeide_1.1.0/stm32cubeide/plugins/com.st.stm32cube.ide.mcu.externaltools.gnu-tools-for-stm32.7-2018-q2-update.win32_1.0.0.201904181610/tools/bin/../lib/gcc/arm-none-eabi/7.3.1/../../../../arm-none-eabi/lib/thumb/v7-m\libc_nano.a(lib_a-nano-svfprintf.o)
 .rodata._printf_i.str1.1
                0x000000000800c191       0x22 f:/st/stm32cubeide_1.1.0/stm32cubeide/plugins/com.st.stm32cube.ide.mcu.externaltools.gnu-tools-for-stm32.7-2018-q2-update.win32_1.0.0.201904181610/tools/bin/../lib/gcc/arm-none-eabi/7.3.1/../../../../arm-none-eabi/lib/thumb/v7-m\libc_nano.a(lib_a-nano-vfprintf_i.o)
                0x000000000800c1b4                . = ALIGN (0x4)
 *fill*         0x000000000800c1b3        0x1 

.rel.dyn        0x000000000800c1b4        0x0
 .rel.iplt      0x000000000800c1b4        0x0 f:/st/stm32cubeide_1.1.0/stm32cubeide/plugins/com.st.stm32cube.ide.mcu.externaltools.gnu-tools-for-stm32.7-2018-q2-update.win32_1.0.0.201904181610/tools/bin/../lib/gcc/arm-none-eabi/7.3.1/thumb/v7-m/crtbegin.o

.ARM.extab      0x000000000800c1b4        0x0
                0x000000000800c1b4                . = ALIGN (0x4)
 *(.ARM.extab* .gnu.linkonce.armextab.*)
                0x000000000800c1b4                . = ALIGN (0x4)

.ARM            0x000000000800c1b4        0x0
                0x000000000800c1b4                . = ALIGN (0x4)
                0x000000000800c1b4                __exidx_start = .
 *(.ARM.exidx*)
                0x000000000800c1b4                __exidx_end = .
                0x000000000800c1b4                . = ALIGN (0x4)

.preinit_array  0x000000000800c1b4        0x0
                0x000000000800c1b4                . = ALIGN (0x4)
                0x000000000800c1b4                PROVIDE (__preinit_array_start = .)
 *(.preinit_array*)
                0x000000000800c1b4                PROVIDE (__preinit_array_end = .)
                0x000000000800c1b4                . = ALIGN (0x4)

.init_array     0x000000000800c1b4        0x4
                0x000000000800c1b4                . = ALIGN (0x4)
                0x000000000800c1b4                PROVIDE (__init_array_start = .)
 *(SORT_BY_NAME(.init_array.*))
 *(.init_array*)
 .init_array    0x000000000800c1b4        0x4 f:/st/stm32cubeide_1.1.0/stm32cubeide/plugins/com.st.stm32cube.ide.mcu.externaltools.gnu-tools-for-stm32.7-2018-q2-update.win32_1.0.0.201904181610/tools/bin/../lib/gcc/arm-none-eabi/7.3.1/thumb/v7-m/crtbegin.o
                0x000000000800c1b8                PROVIDE (__init_array_end = .)
                0x000000000800c1b8                . = ALIGN (0x4)

.fini_array     0x000000000800c1b8        0x4
                0x000000000800c1b8                . = ALIGN (0x4)
                [!provide]                        PROVIDE (__fini_array_start = .)
 *(SORT_BY_NAME(.fini_array.*))
 *(.fini_array*)
 .fini_array    0x000000000800c1b8        0x4 f:/st/stm32cubeide_1.1.0/stm32cubeide/plugins/com.st.stm32cube.ide.mcu.externaltools.gnu-tools-for-stm32.7-2018-q2-update.win32_1.0.0.201904181610/tools/bin/../lib/gcc/arm-none-eabi/7.3.1/thumb/v7-m/crtbegin.o
                [!provide]                        PROVIDE (__fini_array_end = .)
                0x000000000800c1bc                . = ALIGN (0x4)
                0x000000000800c1bc                _sidata = LOADADDR (.data)

.data           0x0000000020000000       0x90 load address 0x000000000800c1bc
                0x0000000020000000                . = ALIGN (0x4)
                0x0000000020000000                _sdata = .
 *(.data)
 *(.data*)
 .data.big_trigon_width
                0x0000000020000000        0x4 Core/Src/basic_draw.o
                0x0000000020000000                big_trigon_width
 .data.big_trigon_height
                0x0000000020000004        0x4 Core/Src/basic_draw.o
                0x0000000020000004                big_trigon_height
 .data.small_trigon_width
                0x0000000020000008        0x4 Core/Src/basic_draw.o
                0x0000000020000008                small_trigon_width
 .data.small_trigon_height
                0x000000002000000c        0x4 Core/Src/basic_draw.o
                0x000000002000000c                small_trigon_height
 .data.heart_width
                0x0000000020000010        0x4 Core/Src/basic_draw.o
                0x0000000020000010                heart_width
 .data.BACK_COLOR
                0x0000000020000014        0x2 Core/Src/lcd.o
                0x0000000020000014                BACK_COLOR
 *fill*         0x0000000020000016        0x2 
 .data.left_limit
                0x0000000020000018        0x4 Core/Src/run.o
                0x0000000020000018                left_limit
 .data.right_limit
                0x000000002000001c        0x4 Core/Src/run.o
                0x000000002000001c                right_limit
 .data.SystemCoreClock
                0x0000000020000020        0x4 Core/Src/system_stm32f1xx.o
                0x0000000020000020                SystemCoreClock
 .data.uwTickPrio
                0x0000000020000024        0x4 Drivers/STM32F1xx_HAL_Driver/Src/stm32f1xx_hal.o
                0x0000000020000024                uwTickPrio
 .data.uwTickFreq
                0x0000000020000028        0x1 Drivers/STM32F1xx_HAL_Driver/Src/stm32f1xx_hal.o
                0x0000000020000028                uwTickFreq
 *fill*         0x0000000020000029        0x3 
 .data._impure_ptr
                0x000000002000002c        0x4 f:/st/stm32cubeide_1.1.0/stm32cubeide/plugins/com.st.stm32cube.ide.mcu.externaltools.gnu-tools-for-stm32.7-2018-q2-update.win32_1.0.0.201904181610/tools/bin/../lib/gcc/arm-none-eabi/7.3.1/../../../../arm-none-eabi/lib/thumb/v7-m\libc_nano.a(lib_a-impure.o)
                0x000000002000002c                _impure_ptr
 .data.impure_data
                0x0000000020000030       0x60 f:/st/stm32cubeide_1.1.0/stm32cubeide/plugins/com.st.stm32cube.ide.mcu.externaltools.gnu-tools-for-stm32.7-2018-q2-update.win32_1.0.0.201904181610/tools/bin/../lib/gcc/arm-none-eabi/7.3.1/../../../../arm-none-eabi/lib/thumb/v7-m\libc_nano.a(lib_a-impure.o)
                0x0000000020000090                . = ALIGN (0x4)
                0x0000000020000090                _edata = .

.igot.plt       0x0000000020000090        0x0 load address 0x000000000800c24c
 .igot.plt      0x0000000020000090        0x0 f:/st/stm32cubeide_1.1.0/stm32cubeide/plugins/com.st.stm32cube.ide.mcu.externaltools.gnu-tools-for-stm32.7-2018-q2-update.win32_1.0.0.201904181610/tools/bin/../lib/gcc/arm-none-eabi/7.3.1/thumb/v7-m/crtbegin.o
                0x0000000020000090                . = ALIGN (0x4)

.bss            0x0000000020000090      0xd98 load address 0x000000000800c24c
                0x0000000020000090                _sbss = .
                0x0000000020000090                __bss_start__ = _sbss
 *(.bss)
 .bss           0x0000000020000090       0x1c f:/st/stm32cubeide_1.1.0/stm32cubeide/plugins/com.st.stm32cube.ide.mcu.externaltools.gnu-tools-for-stm32.7-2018-q2-update.win32_1.0.0.201904181610/tools/bin/../lib/gcc/arm-none-eabi/7.3.1/thumb/v7-m/crtbegin.o
 *(.bss*)
 .bss.POINT_COLOR
                0x00000000200000ac        0x2 Core/Src/lcd.o
                0x00000000200000ac                POINT_COLOR
 *fill*         0x00000000200000ae        0x2 
 .bss.heap_end.5149
                0x00000000200000b0        0x4 Core/Src/sysmem.o
 .bss.__malloc_free_list
                0x00000000200000b4        0x4 f:/st/stm32cubeide_1.1.0/stm32cubeide/plugins/com.st.stm32cube.ide.mcu.externaltools.gnu-tools-for-stm32.7-2018-q2-update.win32_1.0.0.201904181610/tools/bin/../lib/gcc/arm-none-eabi/7.3.1/../../../../arm-none-eabi/lib/thumb/v7-m\libc_nano.a(lib_a-nano-mallocr.o)
                0x00000000200000b4                __malloc_free_list
 .bss.__malloc_sbrk_start
                0x00000000200000b8        0x4 f:/st/stm32cubeide_1.1.0/stm32cubeide/plugins/com.st.stm32cube.ide.mcu.externaltools.gnu-tools-for-stm32.7-2018-q2-update.win32_1.0.0.201904181610/tools/bin/../lib/gcc/arm-none-eabi/7.3.1/../../../../arm-none-eabi/lib/thumb/v7-m\libc_nano.a(lib_a-nano-mallocr.o)
                0x00000000200000b8                __malloc_sbrk_start
 *(COMMON)
 COMMON         0x00000000200000bc        0xe Core/Src/lcd.o
                0x00000000200000bc                lcddev
 *fill*         0x00000000200000ca        0x2 
 COMMON         0x00000000200000cc      0xd54 Core/Src/main.o
                0x00000000200000cc                stimestructure
                0x00000000200000d0                interface
                0x0000000020000dcc                huart1
                0x0000000020000e0c                hrtc
 COMMON         0x0000000020000e20        0x4 Drivers/STM32F1xx_HAL_Driver/Src/stm32f1xx_hal.o
                0x0000000020000e20                uwTick
 COMMON         0x0000000020000e24        0x4 f:/st/stm32cubeide_1.1.0/stm32cubeide/plugins/com.st.stm32cube.ide.mcu.externaltools.gnu-tools-for-stm32.7-2018-q2-update.win32_1.0.0.201904181610/tools/bin/../lib/gcc/arm-none-eabi/7.3.1/../../../../arm-none-eabi/lib/thumb/v7-m\libc_nano.a(lib_a-reent.o)
                0x0000000020000e24                errno
                0x0000000020000e28                . = ALIGN (0x4)
                0x0000000020000e28                _ebss = .
                0x0000000020000e28                __bss_end__ = _ebss

._user_heap_stack
                0x0000000020000e28      0x600 load address 0x000000000800c24c
                0x0000000020000e28                . = ALIGN (0x8)
                0x0000000020000e28                PROVIDE (end = .)
                [!provide]                        PROVIDE (_end = .)
                0x0000000020001028                . = (. + _Min_Heap_Size)
 *fill*         0x0000000020000e28      0x200 
                0x0000000020001428                . = (. + _Min_Stack_Size)
 *fill*         0x0000000020001028      0x400 
                0x0000000020001428                . = ALIGN (0x8)

/DISCARD/
 libc.a(*)
 libm.a(*)
 libgcc.a(*)

.ARM.attributes
                0x0000000000000000       0x29
 *(.ARM.attributes)
 .ARM.attributes
                0x0000000000000000       0x1d f:/st/stm32cubeide_1.1.0/stm32cubeide/plugins/com.st.stm32cube.ide.mcu.externaltools.gnu-tools-for-stm32.7-2018-q2-update.win32_1.0.0.201904181610/tools/bin/../lib/gcc/arm-none-eabi/7.3.1/thumb/v7-m/crti.o
 .ARM.attributes
                0x000000000000001d       0x2d f:/st/stm32cubeide_1.1.0/stm32cubeide/plugins/com.st.stm32cube.ide.mcu.externaltools.gnu-tools-for-stm32.7-2018-q2-update.win32_1.0.0.201904181610/tools/bin/../lib/gcc/arm-none-eabi/7.3.1/thumb/v7-m/crtbegin.o
 .ARM.attributes
                0x000000000000004a       0x33 Core/Src/basic_draw.o
 .ARM.attributes
                0x000000000000007d       0x33 Core/Src/draw.o
 .ARM.attributes
                0x00000000000000b0       0x33 Core/Src/lcd.o
 .ARM.attributes
                0x00000000000000e3       0x33 Core/Src/main.o
 .ARM.attributes
                0x0000000000000116       0x33 Core/Src/run.o
 .ARM.attributes
                0x0000000000000149       0x33 Core/Src/stm32f1xx_hal_msp.o
 .ARM.attributes
                0x000000000000017c       0x33 Core/Src/stm32f1xx_it.o
 .ARM.attributes
                0x00000000000001af       0x33 Core/Src/sysmem.o
 .ARM.attributes
                0x00000000000001e2       0x33 Core/Src/system_stm32f1xx.o
 .ARM.attributes
                0x0000000000000215       0x33 Core/Src/util.o
 .ARM.attributes
                0x0000000000000248       0x21 Core/Startup/startup_stm32f103rctx.o
 .ARM.attributes
                0x0000000000000269       0x33 Drivers/STM32F1xx_HAL_Driver/Src/stm32f1xx_hal.o
 .ARM.attributes
                0x000000000000029c       0x33 Drivers/STM32F1xx_HAL_Driver/Src/stm32f1xx_hal_cortex.o
 .ARM.attributes
                0x00000000000002cf       0x33 Drivers/STM32F1xx_HAL_Driver/Src/stm32f1xx_hal_gpio.o
 .ARM.attributes
                0x0000000000000302       0x33 Drivers/STM32F1xx_HAL_Driver/Src/stm32f1xx_hal_pwr.o
 .ARM.attributes
                0x0000000000000335       0x33 Drivers/STM32F1xx_HAL_Driver/Src/stm32f1xx_hal_rcc.o
 .ARM.attributes
                0x0000000000000368       0x33 Drivers/STM32F1xx_HAL_Driver/Src/stm32f1xx_hal_rcc_ex.o
 .ARM.attributes
                0x000000000000039b       0x33 Drivers/STM32F1xx_HAL_Driver/Src/stm32f1xx_hal_rtc.o
 .ARM.attributes
                0x00000000000003ce       0x33 Drivers/STM32F1xx_HAL_Driver/Src/stm32f1xx_hal_uart.o
 .ARM.attributes
                0x0000000000000401       0x2d f:/st/stm32cubeide_1.1.0/stm32cubeide/plugins/com.st.stm32cube.ide.mcu.externaltools.gnu-tools-for-stm32.7-2018-q2-update.win32_1.0.0.201904181610/tools/bin/../lib/gcc/arm-none-eabi/7.3.1/../../../../arm-none-eabi/lib/thumb/v7-m\libc_nano.a(lib_a-errno.o)
 .ARM.attributes
                0x000000000000042e       0x2d f:/st/stm32cubeide_1.1.0/stm32cubeide/plugins/com.st.stm32cube.ide.mcu.externaltools.gnu-tools-for-stm32.7-2018-q2-update.win32_1.0.0.201904181610/tools/bin/../lib/gcc/arm-none-eabi/7.3.1/../../../../arm-none-eabi/lib/thumb/v7-m\libc_nano.a(lib_a-impure.o)
 .ARM.attributes
                0x000000000000045b       0x2d f:/st/stm32cubeide_1.1.0/stm32cubeide/plugins/com.st.stm32cube.ide.mcu.externaltools.gnu-tools-for-stm32.7-2018-q2-update.win32_1.0.0.201904181610/tools/bin/../lib/gcc/arm-none-eabi/7.3.1/../../../../arm-none-eabi/lib/thumb/v7-m\libc_nano.a(lib_a-init.o)
 .ARM.attributes
                0x0000000000000488       0x2d f:/st/stm32cubeide_1.1.0/stm32cubeide/plugins/com.st.stm32cube.ide.mcu.externaltools.gnu-tools-for-stm32.7-2018-q2-update.win32_1.0.0.201904181610/tools/bin/../lib/gcc/arm-none-eabi/7.3.1/../../../../arm-none-eabi/lib/thumb/v7-m\libc_nano.a(lib_a-memset.o)
 .ARM.attributes
                0x00000000000004b5       0x2d f:/st/stm32cubeide_1.1.0/stm32cubeide/plugins/com.st.stm32cube.ide.mcu.externaltools.gnu-tools-for-stm32.7-2018-q2-update.win32_1.0.0.201904181610/tools/bin/../lib/gcc/arm-none-eabi/7.3.1/../../../../arm-none-eabi/lib/thumb/v7-m\libc_nano.a(lib_a-rand.o)
 .ARM.attributes
                0x00000000000004e2       0x2d f:/st/stm32cubeide_1.1.0/stm32cubeide/plugins/com.st.stm32cube.ide.mcu.externaltools.gnu-tools-for-stm32.7-2018-q2-update.win32_1.0.0.201904181610/tools/bin/../lib/gcc/arm-none-eabi/7.3.1/../../../../arm-none-eabi/lib/thumb/v7-m\libc_nano.a(lib_a-sprintf.o)
 .ARM.attributes
                0x000000000000050f       0x2d f:/st/stm32cubeide_1.1.0/stm32cubeide/plugins/com.st.stm32cube.ide.mcu.externaltools.gnu-tools-for-stm32.7-2018-q2-update.win32_1.0.0.201904181610/tools/bin/../lib/gcc/arm-none-eabi/7.3.1/../../../../arm-none-eabi/lib/thumb/v7-m\libc_nano.a(lib_a-malloc.o)
 .ARM.attributes
                0x000000000000053c       0x2d f:/st/stm32cubeide_1.1.0/stm32cubeide/plugins/com.st.stm32cube.ide.mcu.externaltools.gnu-tools-for-stm32.7-2018-q2-update.win32_1.0.0.201904181610/tools/bin/../lib/gcc/arm-none-eabi/7.3.1/../../../../arm-none-eabi/lib/thumb/v7-m\libc_nano.a(lib_a-nano-freer.o)
 .ARM.attributes
                0x0000000000000569       0x2d f:/st/stm32cubeide_1.1.0/stm32cubeide/plugins/com.st.stm32cube.ide.mcu.externaltools.gnu-tools-for-stm32.7-2018-q2-update.win32_1.0.0.201904181610/tools/bin/../lib/gcc/arm-none-eabi/7.3.1/../../../../arm-none-eabi/lib/thumb/v7-m\libc_nano.a(lib_a-nano-mallocr.o)
 .ARM.attributes
                0x0000000000000596       0x2d f:/st/stm32cubeide_1.1.0/stm32cubeide/plugins/com.st.stm32cube.ide.mcu.externaltools.gnu-tools-for-stm32.7-2018-q2-update.win32_1.0.0.201904181610/tools/bin/../lib/gcc/arm-none-eabi/7.3.1/../../../../arm-none-eabi/lib/thumb/v7-m\libc_nano.a(lib_a-nano-svfprintf.o)
 .ARM.attributes
                0x00000000000005c3       0x2d f:/st/stm32cubeide_1.1.0/stm32cubeide/plugins/com.st.stm32cube.ide.mcu.externaltools.gnu-tools-for-stm32.7-2018-q2-update.win32_1.0.0.201904181610/tools/bin/../lib/gcc/arm-none-eabi/7.3.1/../../../../arm-none-eabi/lib/thumb/v7-m\libc_nano.a(lib_a-nano-vfprintf_i.o)
 .ARM.attributes
                0x00000000000005f0       0x2d f:/st/stm32cubeide_1.1.0/stm32cubeide/plugins/com.st.stm32cube.ide.mcu.externaltools.gnu-tools-for-stm32.7-2018-q2-update.win32_1.0.0.201904181610/tools/bin/../lib/gcc/arm-none-eabi/7.3.1/../../../../arm-none-eabi/lib/thumb/v7-m\libc_nano.a(lib_a-sbrkr.o)
 .ARM.attributes
                0x000000000000061d       0x2d f:/st/stm32cubeide_1.1.0/stm32cubeide/plugins/com.st.stm32cube.ide.mcu.externaltools.gnu-tools-for-stm32.7-2018-q2-update.win32_1.0.0.201904181610/tools/bin/../lib/gcc/arm-none-eabi/7.3.1/../../../../arm-none-eabi/lib/thumb/v7-m\libc_nano.a(lib_a-memchr-stub.o)
 .ARM.attributes
                0x000000000000064a       0x2d f:/st/stm32cubeide_1.1.0/stm32cubeide/plugins/com.st.stm32cube.ide.mcu.externaltools.gnu-tools-for-stm32.7-2018-q2-update.win32_1.0.0.201904181610/tools/bin/../lib/gcc/arm-none-eabi/7.3.1/../../../../arm-none-eabi/lib/thumb/v7-m\libc_nano.a(lib_a-memcpy-stub.o)
 .ARM.attributes
                0x0000000000000677       0x2d f:/st/stm32cubeide_1.1.0/stm32cubeide/plugins/com.st.stm32cube.ide.mcu.externaltools.gnu-tools-for-stm32.7-2018-q2-update.win32_1.0.0.201904181610/tools/bin/../lib/gcc/arm-none-eabi/7.3.1/../../../../arm-none-eabi/lib/thumb/v7-m\libc_nano.a(lib_a-memmove.o)
 .ARM.attributes
                0x00000000000006a4       0x2d f:/st/stm32cubeide_1.1.0/stm32cubeide/plugins/com.st.stm32cube.ide.mcu.externaltools.gnu-tools-for-stm32.7-2018-q2-update.win32_1.0.0.201904181610/tools/bin/../lib/gcc/arm-none-eabi/7.3.1/../../../../arm-none-eabi/lib/thumb/v7-m\libc_nano.a(lib_a-mlock.o)
 .ARM.attributes
                0x00000000000006d1       0x2d f:/st/stm32cubeide_1.1.0/stm32cubeide/plugins/com.st.stm32cube.ide.mcu.externaltools.gnu-tools-for-stm32.7-2018-q2-update.win32_1.0.0.201904181610/tools/bin/../lib/gcc/arm-none-eabi/7.3.1/../../../../arm-none-eabi/lib/thumb/v7-m\libc_nano.a(lib_a-nano-reallocr.o)
 .ARM.attributes
                0x00000000000006fe       0x2d f:/st/stm32cubeide_1.1.0/stm32cubeide/plugins/com.st.stm32cube.ide.mcu.externaltools.gnu-tools-for-stm32.7-2018-q2-update.win32_1.0.0.201904181610/tools/bin/../lib/gcc/arm-none-eabi/7.3.1/../../../../arm-none-eabi/lib/thumb/v7-m\libc_nano.a(lib_a-reent.o)
 .ARM.attributes
                0x000000000000072b       0x2d f:/st/stm32cubeide_1.1.0/stm32cubeide/plugins/com.st.stm32cube.ide.mcu.externaltools.gnu-tools-for-stm32.7-2018-q2-update.win32_1.0.0.201904181610/tools/bin/../lib/gcc/arm-none-eabi/7.3.1/../../../../arm-none-eabi/lib/thumb/v7-m\libc_nano.a(lib_a-nano-msizer.o)
 .ARM.attributes
                0x0000000000000758       0x1d f:/st/stm32cubeide_1.1.0/stm32cubeide/plugins/com.st.stm32cube.ide.mcu.externaltools.gnu-tools-for-stm32.7-2018-q2-update.win32_1.0.0.201904181610/tools/bin/../lib/gcc/arm-none-eabi/7.3.1/thumb/v7-m\libgcc.a(_arm_addsubdf3.o)
 .ARM.attributes
                0x0000000000000775       0x1d f:/st/stm32cubeide_1.1.0/stm32cubeide/plugins/com.st.stm32cube.ide.mcu.externaltools.gnu-tools-for-stm32.7-2018-q2-update.win32_1.0.0.201904181610/tools/bin/../lib/gcc/arm-none-eabi/7.3.1/thumb/v7-m\libgcc.a(_arm_muldivdf3.o)
 .ARM.attributes
                0x0000000000000792       0x1d f:/st/stm32cubeide_1.1.0/stm32cubeide/plugins/com.st.stm32cube.ide.mcu.externaltools.gnu-tools-for-stm32.7-2018-q2-update.win32_1.0.0.201904181610/tools/bin/../lib/gcc/arm-none-eabi/7.3.1/thumb/v7-m\libgcc.a(_arm_fixunsdfsi.o)
 .ARM.attributes
                0x00000000000007af       0x1d f:/st/stm32cubeide_1.1.0/stm32cubeide/plugins/com.st.stm32cube.ide.mcu.externaltools.gnu-tools-for-stm32.7-2018-q2-update.win32_1.0.0.201904181610/tools/bin/../lib/gcc/arm-none-eabi/7.3.1/thumb/v7-m/crtn.o
OUTPUT(CS301_lab13.elf elf32-littlearm)

.debug_info     0x0000000000000000     0xc8bd
 .debug_info    0x0000000000000000     0x1032 Core/Src/basic_draw.o
 .debug_info    0x0000000000001032      0xc4c Core/Src/draw.o
 .debug_info    0x0000000000001c7e     0x164e Core/Src/lcd.o
 .debug_info    0x00000000000032cc     0x15ea Core/Src/main.o
 .debug_info    0x00000000000048b6      0xd96 Core/Src/run.o
 .debug_info    0x000000000000564c      0xa41 Core/Src/stm32f1xx_hal_msp.o
 .debug_info    0x000000000000608d      0x1fa Core/Src/stm32f1xx_it.o
 .debug_info    0x0000000000006287      0x91c Core/Src/sysmem.o
 .debug_info    0x0000000000006ba3      0x433 Core/Src/system_stm32f1xx.o
 .debug_info    0x0000000000006fd6      0xb63 Core/Src/util.o
 .debug_info    0x0000000000007b39       0x22 Core/Startup/startup_stm32f103rctx.o
 .debug_info    0x0000000000007b5b      0x764 Drivers/STM32F1xx_HAL_Driver/Src/stm32f1xx_hal.o
 .debug_info    0x00000000000082bf      0xbac Drivers/STM32F1xx_HAL_Driver/Src/stm32f1xx_hal_cortex.o
 .debug_info    0x0000000000008e6b      0x681 Drivers/STM32F1xx_HAL_Driver/Src/stm32f1xx_hal_gpio.o
 .debug_info    0x00000000000094ec      0x6d7 Drivers/STM32F1xx_HAL_Driver/Src/stm32f1xx_hal_pwr.o
 .debug_info    0x0000000000009bc3      0x804 Drivers/STM32F1xx_HAL_Driver/Src/stm32f1xx_hal_rcc.o
 .debug_info    0x000000000000a3c7      0x453 Drivers/STM32F1xx_HAL_Driver/Src/stm32f1xx_hal_rcc_ex.o
 .debug_info    0x000000000000a81a      0xec0 Drivers/STM32F1xx_HAL_Driver/Src/stm32f1xx_hal_rtc.o
 .debug_info    0x000000000000b6da     0x11e3 Drivers/STM32F1xx_HAL_Driver/Src/stm32f1xx_hal_uart.o

.debug_abbrev   0x0000000000000000     0x2373
 .debug_abbrev  0x0000000000000000      0x1ed Core/Src/basic_draw.o
 .debug_abbrev  0x00000000000001ed      0x1dc Core/Src/draw.o
 .debug_abbrev  0x00000000000003c9      0x30f Core/Src/lcd.o
 .debug_abbrev  0x00000000000006d8      0x2dd Core/Src/main.o
 .debug_abbrev  0x00000000000009b5      0x214 Core/Src/run.o
 .debug_abbrev  0x0000000000000bc9      0x1a6 Core/Src/stm32f1xx_hal_msp.o
 .debug_abbrev  0x0000000000000d6f       0xc6 Core/Src/stm32f1xx_it.o
 .debug_abbrev  0x0000000000000e35      0x1bb Core/Src/sysmem.o
 .debug_abbrev  0x0000000000000ff0      0x134 Core/Src/system_stm32f1xx.o
 .debug_abbrev  0x0000000000001124      0x1da Core/Src/util.o
 .debug_abbrev  0x00000000000012fe       0x12 Core/Startup/startup_stm32f103rctx.o
 .debug_abbrev  0x0000000000001310      0x1d8 Drivers/STM32F1xx_HAL_Driver/Src/stm32f1xx_hal.o
 .debug_abbrev  0x00000000000014e8      0x2d5 Drivers/STM32F1xx_HAL_Driver/Src/stm32f1xx_hal_cortex.o
 .debug_abbrev  0x00000000000017bd      0x1c0 Drivers/STM32F1xx_HAL_Driver/Src/stm32f1xx_hal_gpio.o
 .debug_abbrev  0x000000000000197d      0x1f2 Drivers/STM32F1xx_HAL_Driver/Src/stm32f1xx_hal_pwr.o
 .debug_abbrev  0x0000000000001b6f      0x243 Drivers/STM32F1xx_HAL_Driver/Src/stm32f1xx_hal_rcc.o
 .debug_abbrev  0x0000000000001db2      0x175 Drivers/STM32F1xx_HAL_Driver/Src/stm32f1xx_hal_rcc_ex.o
 .debug_abbrev  0x0000000000001f27      0x20a Drivers/STM32F1xx_HAL_Driver/Src/stm32f1xx_hal_rtc.o
 .debug_abbrev  0x0000000000002131      0x242 Drivers/STM32F1xx_HAL_Driver/Src/stm32f1xx_hal_uart.o

.debug_aranges  0x0000000000000000      0xa78
 .debug_aranges
                0x0000000000000000       0x88 Core/Src/basic_draw.o
 .debug_aranges
                0x0000000000000088       0x60 Core/Src/draw.o
 .debug_aranges
                0x00000000000000e8      0x118 Core/Src/lcd.o
 .debug_aranges
                0x0000000000000200       0x70 Core/Src/main.o
 .debug_aranges
                0x0000000000000270       0x58 Core/Src/run.o
 .debug_aranges
                0x00000000000002c8       0x40 Core/Src/stm32f1xx_hal_msp.o
 .debug_aranges
                0x0000000000000308       0x60 Core/Src/stm32f1xx_it.o
 .debug_aranges
                0x0000000000000368       0x20 Core/Src/sysmem.o
 .debug_aranges
                0x0000000000000388       0x28 Core/Src/system_stm32f1xx.o
 .debug_aranges
                0x00000000000003b0       0x38 Core/Src/util.o
 .debug_aranges
                0x00000000000003e8       0x28 Core/Startup/startup_stm32f103rctx.o
 .debug_aranges
                0x0000000000000410       0xe0 Drivers/STM32F1xx_HAL_Driver/Src/stm32f1xx_hal.o
 .debug_aranges
                0x00000000000004f0      0x100 Drivers/STM32F1xx_HAL_Driver/Src/stm32f1xx_hal_cortex.o
 .debug_aranges
                0x00000000000005f0       0x58 Drivers/STM32F1xx_HAL_Driver/Src/stm32f1xx_hal_gpio.o
 .debug_aranges
                0x0000000000000648       0xa8 Drivers/STM32F1xx_HAL_Driver/Src/stm32f1xx_hal_pwr.o
 .debug_aranges
                0x00000000000006f0       0x90 Drivers/STM32F1xx_HAL_Driver/Src/stm32f1xx_hal_rcc.o
 .debug_aranges
                0x0000000000000780       0x30 Drivers/STM32F1xx_HAL_Driver/Src/stm32f1xx_hal_rcc_ex.o
 .debug_aranges
                0x00000000000007b0       0xf8 Drivers/STM32F1xx_HAL_Driver/Src/stm32f1xx_hal_rtc.o
 .debug_aranges
                0x00000000000008a8      0x1d0 Drivers/STM32F1xx_HAL_Driver/Src/stm32f1xx_hal_uart.o

.debug_ranges   0x0000000000000000      0x950
 .debug_ranges  0x0000000000000000       0x78 Core/Src/basic_draw.o
 .debug_ranges  0x0000000000000078       0x50 Core/Src/draw.o
 .debug_ranges  0x00000000000000c8      0x108 Core/Src/lcd.o
 .debug_ranges  0x00000000000001d0       0x60 Core/Src/main.o
 .debug_ranges  0x0000000000000230       0x48 Core/Src/run.o
 .debug_ranges  0x0000000000000278       0x30 Core/Src/stm32f1xx_hal_msp.o
 .debug_ranges  0x00000000000002a8       0x50 Core/Src/stm32f1xx_it.o
 .debug_ranges  0x00000000000002f8       0x10 Core/Src/sysmem.o
 .debug_ranges  0x0000000000000308       0x18 Core/Src/system_stm32f1xx.o
 .debug_ranges  0x0000000000000320       0x28 Core/Src/util.o
 .debug_ranges  0x0000000000000348       0x20 Core/Startup/startup_stm32f103rctx.o
 .debug_ranges  0x0000000000000368       0xd0 Drivers/STM32F1xx_HAL_Driver/Src/stm32f1xx_hal.o
 .debug_ranges  0x0000000000000438       0xf0 Drivers/STM32F1xx_HAL_Driver/Src/stm32f1xx_hal_cortex.o
 .debug_ranges  0x0000000000000528       0x48 Drivers/STM32F1xx_HAL_Driver/Src/stm32f1xx_hal_gpio.o
 .debug_ranges  0x0000000000000570       0x98 Drivers/STM32F1xx_HAL_Driver/Src/stm32f1xx_hal_pwr.o
 .debug_ranges  0x0000000000000608       0x80 Drivers/STM32F1xx_HAL_Driver/Src/stm32f1xx_hal_rcc.o
 .debug_ranges  0x0000000000000688       0x20 Drivers/STM32F1xx_HAL_Driver/Src/stm32f1xx_hal_rcc_ex.o
 .debug_ranges  0x00000000000006a8       0xe8 Drivers/STM32F1xx_HAL_Driver/Src/stm32f1xx_hal_rtc.o
 .debug_ranges  0x0000000000000790      0x1c0 Drivers/STM32F1xx_HAL_Driver/Src/stm32f1xx_hal_uart.o

.debug_macro    0x0000000000000000    0x1712d
 .debug_macro   0x0000000000000000      0x286 Core/Src/basic_draw.o
 .debug_macro   0x0000000000000286      0xa5a Core/Src/basic_draw.o
 .debug_macro   0x0000000000000ce0      0x21b Core/Src/basic_draw.o
 .debug_macro   0x0000000000000efb       0x2e Core/Src/basic_draw.o
 .debug_macro   0x0000000000000f29       0x22 Core/Src/basic_draw.o
 .debug_macro   0x0000000000000f4b       0x22 Core/Src/basic_draw.o
 .debug_macro   0x0000000000000f6d       0x8e Core/Src/basic_draw.o
 .debug_macro   0x0000000000000ffb       0x51 Core/Src/basic_draw.o
 .debug_macro   0x000000000000104c       0xef Core/Src/basic_draw.o
 .debug_macro   0x000000000000113b       0x6a Core/Src/basic_draw.o
 .debug_macro   0x00000000000011a5      0x1df Core/Src/basic_draw.o
 .debug_macro   0x0000000000001384       0x1c Core/Src/basic_draw.o
 .debug_macro   0x00000000000013a0       0x22 Core/Src/basic_draw.o
 .debug_macro   0x00000000000013c2       0xc3 Core/Src/basic_draw.o
 .debug_macro   0x0000000000001485      0xd23 Core/Src/basic_draw.o
 .debug_macro   0x00000000000021a8     0xfd8c Core/Src/basic_draw.o
 .debug_macro   0x0000000000011f34       0x43 Core/Src/basic_draw.o
 .debug_macro   0x0000000000011f77      0x174 Core/Src/basic_draw.o
 .debug_macro   0x00000000000120eb       0x5a Core/Src/basic_draw.o
 .debug_macro   0x0000000000012145      0x5be Core/Src/basic_draw.o
 .debug_macro   0x0000000000012703      0x4d5 Core/Src/basic_draw.o
 .debug_macro   0x0000000000012bd8      0x1cb Core/Src/basic_draw.o
 .debug_macro   0x0000000000012da3      0x114 Core/Src/basic_draw.o
 .debug_macro   0x0000000000012eb7      0x1ea Core/Src/basic_draw.o
 .debug_macro   0x00000000000130a1       0x27 Core/Src/basic_draw.o
 .debug_macro   0x00000000000130c8      0x144 Core/Src/basic_draw.o
 .debug_macro   0x000000000001320c      0x1bc Core/Src/basic_draw.o
 .debug_macro   0x00000000000133c8       0x30 Core/Src/basic_draw.o
 .debug_macro   0x00000000000133f8       0x3c Core/Src/basic_draw.o
 .debug_macro   0x0000000000013434       0x57 Core/Src/basic_draw.o
 .debug_macro   0x000000000001348b       0x88 Core/Src/basic_draw.o
 .debug_macro   0x0000000000013513      0x24f Core/Src/basic_draw.o
 .debug_macro   0x0000000000013762      0x141 Core/Src/basic_draw.o
 .debug_macro   0x00000000000138a3      0x1ef Core/Src/basic_draw.o
 .debug_macro   0x0000000000013a92      0x1cc Core/Src/basic_draw.o
 .debug_macro   0x0000000000013c5e      0x26b Core/Src/basic_draw.o
 .debug_macro   0x0000000000013ec9       0xb5 Core/Src/basic_draw.o
 .debug_macro   0x0000000000013f7e       0x40 Core/Src/basic_draw.o
 .debug_macro   0x0000000000013fbe       0x18 Core/Src/basic_draw.o
 .debug_macro   0x0000000000013fd6       0x46 Core/Src/basic_draw.o
 .debug_macro   0x000000000001401c       0x3c Core/Src/basic_draw.o
 .debug_macro   0x0000000000014058       0x34 Core/Src/basic_draw.o
 .debug_macro   0x000000000001408c       0x16 Core/Src/basic_draw.o
 .debug_macro   0x00000000000140a2       0x35 Core/Src/basic_draw.o
 .debug_macro   0x00000000000140d7       0x52 Core/Src/basic_draw.o
 .debug_macro   0x0000000000014129       0x1f Core/Src/basic_draw.o
 .debug_macro   0x0000000000014148       0x43 Core/Src/basic_draw.o
 .debug_macro   0x000000000001418b       0x20 Core/Src/basic_draw.o
 .debug_macro   0x00000000000141ab      0x1a3 Core/Src/basic_draw.o
 .debug_macro   0x000000000001434e      0x32a Core/Src/basic_draw.o
 .debug_macro   0x0000000000014678       0x16 Core/Src/basic_draw.o
 .debug_macro   0x000000000001468e       0x29 Core/Src/basic_draw.o
 .debug_macro   0x00000000000146b7      0x1dc Core/Src/basic_draw.o
 .debug_macro   0x0000000000014893      0x34f Core/Src/draw.o
 .debug_macro   0x0000000000014be2       0x1c Core/Src/draw.o
 .debug_macro   0x0000000000014bfe       0x10 Core/Src/draw.o
 .debug_macro   0x0000000000014c0e       0x10 Core/Src/draw.o
 .debug_macro   0x0000000000014c1e       0x1c Core/Src/draw.o
 .debug_macro   0x0000000000014c3a       0x52 Core/Src/draw.o
 .debug_macro   0x0000000000014c8c       0x40 Core/Src/draw.o
 .debug_macro   0x0000000000014ccc       0x10 Core/Src/draw.o
 .debug_macro   0x0000000000014cdc       0x40 Core/Src/draw.o
 .debug_macro   0x0000000000014d1c       0xd7 Core/Src/draw.o
 .debug_macro   0x0000000000014df3       0x1c Core/Src/draw.o
 .debug_macro   0x0000000000014e0f       0x3d Core/Src/draw.o
 .debug_macro   0x0000000000014e4c       0x16 Core/Src/draw.o
 .debug_macro   0x0000000000014e62      0x145 Core/Src/draw.o
 .debug_macro   0x0000000000014fa7      0x280 Core/Src/lcd.o
 .debug_macro   0x0000000000015227      0x2b3 Core/Src/main.o
 .debug_macro   0x00000000000154da       0x1c Core/Src/main.o
 .debug_macro   0x00000000000154f6      0x2da Core/Src/run.o
 .debug_macro   0x00000000000157d0      0x1a8 Core/Src/stm32f1xx_hal_msp.o
 .debug_macro   0x0000000000015978      0x1b2 Core/Src/stm32f1xx_it.o
 .debug_macro   0x0000000000015b2a      0x1ae Core/Src/sysmem.o
 .debug_macro   0x0000000000015cd8      0x23b Core/Src/sysmem.o
 .debug_macro   0x0000000000015f13       0x16 Core/Src/sysmem.o
 .debug_macro   0x0000000000015f29      0x19f Core/Src/system_stm32f1xx.o
 .debug_macro   0x00000000000160c8      0x28c Core/Src/util.o
 .debug_macro   0x0000000000016354      0x1bd Drivers/STM32F1xx_HAL_Driver/Src/stm32f1xx_hal.o
 .debug_macro   0x0000000000016511      0x199 Drivers/STM32F1xx_HAL_Driver/Src/stm32f1xx_hal_cortex.o
 .debug_macro   0x00000000000166aa      0x204 Drivers/STM32F1xx_HAL_Driver/Src/stm32f1xx_hal_gpio.o
 .debug_macro   0x00000000000168ae      0x1f9 Drivers/STM32F1xx_HAL_Driver/Src/stm32f1xx_hal_pwr.o
 .debug_macro   0x0000000000016aa7      0x1ab Drivers/STM32F1xx_HAL_Driver/Src/stm32f1xx_hal_rcc.o
 .debug_macro   0x0000000000016c52      0x199 Drivers/STM32F1xx_HAL_Driver/Src/stm32f1xx_hal_rcc_ex.o
 .debug_macro   0x0000000000016deb      0x1a8 Drivers/STM32F1xx_HAL_Driver/Src/stm32f1xx_hal_rtc.o
 .debug_macro   0x0000000000016f93      0x19a Drivers/STM32F1xx_HAL_Driver/Src/stm32f1xx_hal_uart.o

.debug_line     0x0000000000000000     0xa72f
 .debug_line    0x0000000000000000      0x8d2 Core/Src/basic_draw.o
 .debug_line    0x00000000000008d2      0x96a Core/Src/draw.o
 .debug_line    0x000000000000123c     0x156d Core/Src/lcd.o
 .debug_line    0x00000000000027a9      0x9e2 Core/Src/main.o
 .debug_line    0x000000000000318b      0x978 Core/Src/run.o
 .debug_line    0x0000000000003b03      0x690 Core/Src/stm32f1xx_hal_msp.o
 .debug_line    0x0000000000004193      0x6da Core/Src/stm32f1xx_it.o
 .debug_line    0x000000000000486d      0x55e Core/Src/sysmem.o
 .debug_line    0x0000000000004dcb      0x667 Core/Src/system_stm32f1xx.o
 .debug_line    0x0000000000005432      0x7fb Core/Src/util.o
 .debug_line    0x0000000000005c2d       0x84 Core/Startup/startup_stm32f103rctx.o
 .debug_line    0x0000000000005cb1      0x80f Drivers/STM32F1xx_HAL_Driver/Src/stm32f1xx_hal.o
 .debug_line    0x00000000000064c0      0x8e8 Drivers/STM32F1xx_HAL_Driver/Src/stm32f1xx_hal_cortex.o
 .debug_line    0x0000000000006da8      0x837 Drivers/STM32F1xx_HAL_Driver/Src/stm32f1xx_hal_gpio.o
 .debug_line    0x00000000000075df      0x7b4 Drivers/STM32F1xx_HAL_Driver/Src/stm32f1xx_hal_pwr.o
 .debug_line    0x0000000000007d93      0x8d1 Drivers/STM32F1xx_HAL_Driver/Src/stm32f1xx_hal_rcc.o
 .debug_line    0x0000000000008664      0x6f5 Drivers/STM32F1xx_HAL_Driver/Src/stm32f1xx_hal_rcc_ex.o
 .debug_line    0x0000000000008d59      0xabc Drivers/STM32F1xx_HAL_Driver/Src/stm32f1xx_hal_rtc.o
 .debug_line    0x0000000000009815      0xf1a Drivers/STM32F1xx_HAL_Driver/Src/stm32f1xx_hal_uart.o

.debug_str      0x0000000000000000    0x7c17d
 .debug_str     0x0000000000000000    0x77d0a Core/Src/basic_draw.o
                                      0x780fe (size before relaxing)
 .debug_str     0x0000000000077d0a     0x129a Core/Src/draw.o
                                      0x79211 (size before relaxing)
 .debug_str     0x0000000000078fa4      0x357 Core/Src/lcd.o
                                      0x78290 (size before relaxing)
 .debug_str     0x00000000000792fb      0x7f6 Core/Src/main.o
                                      0x7885e (size before relaxing)
 .debug_str     0x0000000000079af1      0x111 Core/Src/run.o
                                      0x780dc (size before relaxing)
 .debug_str     0x0000000000079c02       0xa6 Core/Src/stm32f1xx_hal_msp.o
                                      0x74f0c (size before relaxing)
 .debug_str     0x0000000000079ca8       0xbd Core/Src/stm32f1xx_it.o
                                      0x749d3 (size before relaxing)
 .debug_str     0x0000000000079d65      0x4d1 Core/Src/sysmem.o
                                       0x7ac0 (size before relaxing)
 .debug_str     0x000000000007a236       0xc2 Core/Src/system_stm32f1xx.o
                                      0x7494b (size before relaxing)
 .debug_str     0x000000000007a2f8       0x67 Core/Src/util.o
                                      0x77fed (size before relaxing)
 .debug_str     0x000000000007a35f       0x36 Core/Startup/startup_stm32f103rctx.o
                                         0x65 (size before relaxing)
 .debug_str     0x000000000007a395      0x6c1 Drivers/STM32F1xx_HAL_Driver/Src/stm32f1xx_hal.o
                                      0x75040 (size before relaxing)
 .debug_str     0x000000000007aa56      0x2c8 Drivers/STM32F1xx_HAL_Driver/Src/stm32f1xx_hal_cortex.o
                                      0x7504e (size before relaxing)
 .debug_str     0x000000000007ad1e      0x31f Drivers/STM32F1xx_HAL_Driver/Src/stm32f1xx_hal_gpio.o
                                      0x74c95 (size before relaxing)
 .debug_str     0x000000000007b03d      0x519 Drivers/STM32F1xx_HAL_Driver/Src/stm32f1xx_hal_pwr.o
                                      0x74e34 (size before relaxing)
 .debug_str     0x000000000007b556      0x257 Drivers/STM32F1xx_HAL_Driver/Src/stm32f1xx_hal_rcc.o
                                      0x74cce (size before relaxing)
 .debug_str     0x000000000007b7ad       0xb9 Drivers/STM32F1xx_HAL_Driver/Src/stm32f1xx_hal_rcc_ex.o
                                      0x74a81 (size before relaxing)
 .debug_str     0x000000000007b866      0x3f0 Drivers/STM32F1xx_HAL_Driver/Src/stm32f1xx_hal_rtc.o
                                      0x74e8c (size before relaxing)
 .debug_str     0x000000000007bc56      0x527 Drivers/STM32F1xx_HAL_Driver/Src/stm32f1xx_hal_uart.o
                                      0x751bd (size before relaxing)

.comment        0x0000000000000000       0x7b
 .comment       0x0000000000000000       0x7b Core/Src/basic_draw.o
                                         0x7c (size before relaxing)
 .comment       0x000000000000007b       0x7c Core/Src/draw.o
 .comment       0x000000000000007b       0x7c Core/Src/lcd.o
 .comment       0x000000000000007b       0x7c Core/Src/main.o
 .comment       0x000000000000007b       0x7c Core/Src/run.o
 .comment       0x000000000000007b       0x7c Core/Src/stm32f1xx_hal_msp.o
 .comment       0x000000000000007b       0x7c Core/Src/stm32f1xx_it.o
 .comment       0x000000000000007b       0x7c Core/Src/sysmem.o
 .comment       0x000000000000007b       0x7c Core/Src/system_stm32f1xx.o
 .comment       0x000000000000007b       0x7c Core/Src/util.o
 .comment       0x000000000000007b       0x7c Drivers/STM32F1xx_HAL_Driver/Src/stm32f1xx_hal.o
 .comment       0x000000000000007b       0x7c Drivers/STM32F1xx_HAL_Driver/Src/stm32f1xx_hal_cortex.o
 .comment       0x000000000000007b       0x7c Drivers/STM32F1xx_HAL_Driver/Src/stm32f1xx_hal_gpio.o
 .comment       0x000000000000007b       0x7c Drivers/STM32F1xx_HAL_Driver/Src/stm32f1xx_hal_pwr.o
 .comment       0x000000000000007b       0x7c Drivers/STM32F1xx_HAL_Driver/Src/stm32f1xx_hal_rcc.o
 .comment       0x000000000000007b       0x7c Drivers/STM32F1xx_HAL_Driver/Src/stm32f1xx_hal_rcc_ex.o
 .comment       0x000000000000007b       0x7c Drivers/STM32F1xx_HAL_Driver/Src/stm32f1xx_hal_rtc.o
 .comment       0x000000000000007b       0x7c Drivers/STM32F1xx_HAL_Driver/Src/stm32f1xx_hal_uart.o

.debug_frame    0x0000000000000000     0x2d80
 .debug_frame   0x0000000000000000      0x210 Core/Src/basic_draw.o
 .debug_frame   0x0000000000000210      0x158 Core/Src/draw.o
 .debug_frame   0x0000000000000368      0x4d4 Core/Src/lcd.o
 .debug_frame   0x000000000000083c      0x188 Core/Src/main.o
 .debug_frame   0x00000000000009c4      0x144 Core/Src/run.o
 .debug_frame   0x0000000000000b08       0xcc Core/Src/stm32f1xx_hal_msp.o
 .debug_frame   0x0000000000000bd4      0x10c Core/Src/stm32f1xx_it.o
 .debug_frame   0x0000000000000ce0       0x34 Core/Src/sysmem.o
 .debug_frame   0x0000000000000d14       0x58 Core/Src/system_stm32f1xx.o
 .debug_frame   0x0000000000000d6c       0xa4 Core/Src/util.o
 .debug_frame   0x0000000000000e10      0x334 Drivers/STM32F1xx_HAL_Driver/Src/stm32f1xx_hal.o
 .debug_frame   0x0000000000001144      0x428 Drivers/STM32F1xx_HAL_Driver/Src/stm32f1xx_hal_cortex.o
 .debug_frame   0x000000000000156c      0x14c Drivers/STM32F1xx_HAL_Driver/Src/stm32f1xx_hal_gpio.o
 .debug_frame   0x00000000000016b8      0x270 Drivers/STM32F1xx_HAL_Driver/Src/stm32f1xx_hal_pwr.o
 .debug_frame   0x0000000000001928      0x21c Drivers/STM32F1xx_HAL_Driver/Src/stm32f1xx_hal_rcc.o
 .debug_frame   0x0000000000001b44       0x84 Drivers/STM32F1xx_HAL_Driver/Src/stm32f1xx_hal_rcc_ex.o
 .debug_frame   0x0000000000001bc8      0x434 Drivers/STM32F1xx_HAL_Driver/Src/stm32f1xx_hal_rtc.o
 .debug_frame   0x0000000000001ffc      0x834 Drivers/STM32F1xx_HAL_Driver/Src/stm32f1xx_hal_uart.o
 .debug_frame   0x0000000000002830       0x20 f:/st/stm32cubeide_1.1.0/stm32cubeide/plugins/com.st.stm32cube.ide.mcu.externaltools.gnu-tools-for-stm32.7-2018-q2-update.win32_1.0.0.201904181610/tools/bin/../lib/gcc/arm-none-eabi/7.3.1/../../../../arm-none-eabi/lib/thumb/v7-m\libc_nano.a(lib_a-errno.o)
 .debug_frame   0x0000000000002850       0x2c f:/st/stm32cubeide_1.1.0/stm32cubeide/plugins/com.st.stm32cube.ide.mcu.externaltools.gnu-tools-for-stm32.7-2018-q2-update.win32_1.0.0.201904181610/tools/bin/../lib/gcc/arm-none-eabi/7.3.1/../../../../arm-none-eabi/lib/thumb/v7-m\libc_nano.a(lib_a-init.o)
 .debug_frame   0x000000000000287c       0x20 f:/st/stm32cubeide_1.1.0/stm32cubeide/plugins/com.st.stm32cube.ide.mcu.externaltools.gnu-tools-for-stm32.7-2018-q2-update.win32_1.0.0.201904181610/tools/bin/../lib/gcc/arm-none-eabi/7.3.1/../../../../arm-none-eabi/lib/thumb/v7-m\libc_nano.a(lib_a-memset.o)
 .debug_frame   0x000000000000289c       0x48 f:/st/stm32cubeide_1.1.0/stm32cubeide/plugins/com.st.stm32cube.ide.mcu.externaltools.gnu-tools-for-stm32.7-2018-q2-update.win32_1.0.0.201904181610/tools/bin/../lib/gcc/arm-none-eabi/7.3.1/../../../../arm-none-eabi/lib/thumb/v7-m\libc_nano.a(lib_a-rand.o)
 .debug_frame   0x00000000000028e4       0x6c f:/st/stm32cubeide_1.1.0/stm32cubeide/plugins/com.st.stm32cube.ide.mcu.externaltools.gnu-tools-for-stm32.7-2018-q2-update.win32_1.0.0.201904181610/tools/bin/../lib/gcc/arm-none-eabi/7.3.1/../../../../arm-none-eabi/lib/thumb/v7-m\libc_nano.a(lib_a-sprintf.o)
 .debug_frame   0x0000000000002950       0x30 f:/st/stm32cubeide_1.1.0/stm32cubeide/plugins/com.st.stm32cube.ide.mcu.externaltools.gnu-tools-for-stm32.7-2018-q2-update.win32_1.0.0.201904181610/tools/bin/../lib/gcc/arm-none-eabi/7.3.1/../../../../arm-none-eabi/lib/thumb/v7-m\libc_nano.a(lib_a-malloc.o)
 .debug_frame   0x0000000000002980       0x38 f:/st/stm32cubeide_1.1.0/stm32cubeide/plugins/com.st.stm32cube.ide.mcu.externaltools.gnu-tools-for-stm32.7-2018-q2-update.win32_1.0.0.201904181610/tools/bin/../lib/gcc/arm-none-eabi/7.3.1/../../../../arm-none-eabi/lib/thumb/v7-m\libc_nano.a(lib_a-nano-freer.o)
 .debug_frame   0x00000000000029b8       0x2c f:/st/stm32cubeide_1.1.0/stm32cubeide/plugins/com.st.stm32cube.ide.mcu.externaltools.gnu-tools-for-stm32.7-2018-q2-update.win32_1.0.0.201904181610/tools/bin/../lib/gcc/arm-none-eabi/7.3.1/../../../../arm-none-eabi/lib/thumb/v7-m\libc_nano.a(lib_a-nano-mallocr.o)
 .debug_frame   0x00000000000029e4       0x90 f:/st/stm32cubeide_1.1.0/stm32cubeide/plugins/com.st.stm32cube.ide.mcu.externaltools.gnu-tools-for-stm32.7-2018-q2-update.win32_1.0.0.201904181610/tools/bin/../lib/gcc/arm-none-eabi/7.3.1/../../../../arm-none-eabi/lib/thumb/v7-m\libc_nano.a(lib_a-nano-svfprintf.o)
 .debug_frame   0x0000000000002a74       0x60 f:/st/stm32cubeide_1.1.0/stm32cubeide/plugins/com.st.stm32cube.ide.mcu.externaltools.gnu-tools-for-stm32.7-2018-q2-update.win32_1.0.0.201904181610/tools/bin/../lib/gcc/arm-none-eabi/7.3.1/../../../../arm-none-eabi/lib/thumb/v7-m\libc_nano.a(lib_a-nano-vfprintf_i.o)
 .debug_frame   0x0000000000002ad4       0x2c f:/st/stm32cubeide_1.1.0/stm32cubeide/plugins/com.st.stm32cube.ide.mcu.externaltools.gnu-tools-for-stm32.7-2018-q2-update.win32_1.0.0.201904181610/tools/bin/../lib/gcc/arm-none-eabi/7.3.1/../../../../arm-none-eabi/lib/thumb/v7-m\libc_nano.a(lib_a-sbrkr.o)
 .debug_frame   0x0000000000002b00       0x28 f:/st/stm32cubeide_1.1.0/stm32cubeide/plugins/com.st.stm32cube.ide.mcu.externaltools.gnu-tools-for-stm32.7-2018-q2-update.win32_1.0.0.201904181610/tools/bin/../lib/gcc/arm-none-eabi/7.3.1/../../../../arm-none-eabi/lib/thumb/v7-m\libc_nano.a(lib_a-memchr-stub.o)
 .debug_frame   0x0000000000002b28       0x28 f:/st/stm32cubeide_1.1.0/stm32cubeide/plugins/com.st.stm32cube.ide.mcu.externaltools.gnu-tools-for-stm32.7-2018-q2-update.win32_1.0.0.201904181610/tools/bin/../lib/gcc/arm-none-eabi/7.3.1/../../../../arm-none-eabi/lib/thumb/v7-m\libc_nano.a(lib_a-memcpy-stub.o)
 .debug_frame   0x0000000000002b50       0x28 f:/st/stm32cubeide_1.1.0/stm32cubeide/plugins/com.st.stm32cube.ide.mcu.externaltools.gnu-tools-for-stm32.7-2018-q2-update.win32_1.0.0.201904181610/tools/bin/../lib/gcc/arm-none-eabi/7.3.1/../../../../arm-none-eabi/lib/thumb/v7-m\libc_nano.a(lib_a-memmove.o)
 .debug_frame   0x0000000000002b78       0x30 f:/st/stm32cubeide_1.1.0/stm32cubeide/plugins/com.st.stm32cube.ide.mcu.externaltools.gnu-tools-for-stm32.7-2018-q2-update.win32_1.0.0.201904181610/tools/bin/../lib/gcc/arm-none-eabi/7.3.1/../../../../arm-none-eabi/lib/thumb/v7-m\libc_nano.a(lib_a-mlock.o)
 .debug_frame   0x0000000000002ba8       0x3c f:/st/stm32cubeide_1.1.0/stm32cubeide/plugins/com.st.stm32cube.ide.mcu.externaltools.gnu-tools-for-stm32.7-2018-q2-update.win32_1.0.0.201904181610/tools/bin/../lib/gcc/arm-none-eabi/7.3.1/../../../../arm-none-eabi/lib/thumb/v7-m\libc_nano.a(lib_a-nano-reallocr.o)
 .debug_frame   0x0000000000002be4       0x5c f:/st/stm32cubeide_1.1.0/stm32cubeide/plugins/com.st.stm32cube.ide.mcu.externaltools.gnu-tools-for-stm32.7-2018-q2-update.win32_1.0.0.201904181610/tools/bin/../lib/gcc/arm-none-eabi/7.3.1/../../../../arm-none-eabi/lib/thumb/v7-m\libc_nano.a(lib_a-reent.o)
 .debug_frame   0x0000000000002c40       0x20 f:/st/stm32cubeide_1.1.0/stm32cubeide/plugins/com.st.stm32cube.ide.mcu.externaltools.gnu-tools-for-stm32.7-2018-q2-update.win32_1.0.0.201904181610/tools/bin/../lib/gcc/arm-none-eabi/7.3.1/../../../../arm-none-eabi/lib/thumb/v7-m\libc_nano.a(lib_a-nano-msizer.o)
 .debug_frame   0x0000000000002c60       0xac f:/st/stm32cubeide_1.1.0/stm32cubeide/plugins/com.st.stm32cube.ide.mcu.externaltools.gnu-tools-for-stm32.7-2018-q2-update.win32_1.0.0.201904181610/tools/bin/../lib/gcc/arm-none-eabi/7.3.1/thumb/v7-m\libgcc.a(_arm_addsubdf3.o)
 .debug_frame   0x0000000000002d0c       0x50 f:/st/stm32cubeide_1.1.0/stm32cubeide/plugins/com.st.stm32cube.ide.mcu.externaltools.gnu-tools-for-stm32.7-2018-q2-update.win32_1.0.0.201904181610/tools/bin/../lib/gcc/arm-none-eabi/7.3.1/thumb/v7-m\libgcc.a(_arm_muldivdf3.o)
 .debug_frame   0x0000000000002d5c       0x24 f:/st/stm32cubeide_1.1.0/stm32cubeide/plugins/com.st.stm32cube.ide.mcu.externaltools.gnu-tools-for-stm32.7-2018-q2-update.win32_1.0.0.201904181610/tools/bin/../lib/gcc/arm-none-eabi/7.3.1/thumb/v7-m\libgcc.a(_arm_fixunsdfsi.o)
