lcd.c:80:6:delay_us	16	static
lcd.c:94:6:LCD_WR_REG	16	static
lcd.c:105:6:LCD_WR_DATAX	16	static
lcd.c:115:10:LCD_RD_DATA	16	static
lcd.c:140:6:LCD_WriteReg	16	static
lcd.c:147:10:LCD_ReadReg	16	static
lcd.c:152:6:LCD_WriteRAM_Prepare	8	static
lcd.c:157:6:LCD_WriteRAM	16	static
lcd.c:164:10:LCD_BGR2RGB	24	static
lcd.c:174:6:opt_delay	16	static
lcd.c:181:10:LCD_ReadPoint	24	static
lcd.c:246:6:LCD_DisplayOn	8	static
lcd.c:256:6:LCD_DisplayOff	8	static
lcd.c:268:6:LCD_SetCursor	16	static
lcd.c:328:6:LCD_Scan_Dir	24	static
lcd.c:483:6:LCD_DrawPoint	16	static
lcd.c:490:6:LCD_Fast_DrawPoint	16	static
lcd.c:545:6:LCD_SSD_BackLightSet	24	static
lcd.c:556:6:LCD_Display_Dir	16	static
lcd.c:628:6:LCD_Set_Window	40	static
lcd.c:707:6:LCD_Init	32	static
lcd.c:2738:6:LCD_Clear	24	static
lcd.c:2759:6:LCD_Fill	40	static
lcd.c:2790:6:LCD_Color_Fill	32	static
lcd.c:2806:6:LCD_DrawLine	64	static
lcd.c:2851:6:LCD_DrawRectangle	24	static
lcd.c:2861:6:LCD_Draw_Circle	32	static
lcd.c:2892:6:LCD_ShowChar	32	static
lcd.c:2928:10:LCD_Pow	24	static
lcd.c:2939:6:LCD_ShowNum	48	static
lcd.c:2965:6:LCD_ShowxNum	48	static
lcd.c:2990:6:LCD_ShowString	40	static
